[Happ,2.68%,99.45MiB / 3.826GiB
redis,0.10%,8.812MiB / 3.826GiB
postgres,0.94%,29MiB / 3.826GiB
chatbot-db-1,3.52%,79.91MiB / 3.826GiB
[Happ,2.68%,99.45MiB / 3.826GiB[K
redis,0.10%,8.812MiB / 3.826GiB[K
postgres,0.94%,29MiB / 3.826GiB[K
chatbot-db-1,3.52%,79.91MiB / 3.826GiB[K
[K
[J[Happ,2.68%,99.45MiB / 3.826GiB
redis,0.10%,8.812MiB / 3.826GiB
postgres,0.94%,29MiB / 3.826GiB
chatbot-db-1,3.52%,79.91MiB / 3.826GiB
[Happ,2.68%,99.45MiB / 3.826GiB[K
redis,0.10%,8.812MiB / 3.826GiB[K
postgres,0.94%,29MiB / 3.826GiB[K
chatbot-db-1,3.52%,79.91MiB / 3.826GiB[K
[K
[J[Happ,21.71%,99.89MiB / 3.826GiB
redis,0.07%,8.812MiB / 3.826GiB
postgres,5.18%,37.58MiB / 3.826GiB
chatbot-db-1,28.11%,79.91MiB / 3.826GiB
[Happ,21.71%,99.89MiB / 3.826GiB[K
redis,0.07%,8.812MiB / 3.826GiB[K
postgres,5.18%,37.58MiB / 3.826GiB[K
chatbot-db-1,28.11%,79.91MiB / 3.826GiB[K
[K
[J[Happ,21.71%,99.89MiB / 3.826GiB
redis,0.07%,8.812MiB / 3.826GiB
postgres,5.18%,37.58MiB / 3.826GiB
chatbot-db-1,28.11%,79.91MiB / 3.826GiB
[Happ,21.71%,99.89MiB / 3.826GiB[K
redis,0.07%,8.812MiB / 3.826GiB[K
postgres,5.18%,37.58MiB / 3.826GiB[K
chatbot-db-1,28.11%,79.91MiB / 3.826GiB[K
[K
[J[Happ,13.46%,99.97MiB / 3.826GiB
redis,0.08%,8.812MiB / 3.826GiB
postgres,3.37%,37.82MiB / 3.826GiB
chatbot-db-1,0.00%,79.91MiB / 3.826GiB
[Happ,13.46%,99.97MiB / 3.826GiB[K
redis,0.08%,8.812MiB / 3.826GiB[K
postgres,3.37%,37.82MiB / 3.826GiB[K
chatbot-db-1,0.00%,79.91MiB / 3.826GiB[K
[K
[J[Happ,13.46%,99.97MiB / 3.826GiB
redis,0.08%,8.812MiB / 3.826GiB
postgres,3.37%,37.82MiB / 3.826GiB
chatbot-db-1,0.00%,79.91MiB / 3.826GiB
[Happ,13.46%,99.97MiB / 3.826GiB[K
redis,0.08%,8.812MiB / 3.826GiB[K
postgres,3.37%,37.82MiB / 3.826GiB[K
chatbot-db-1,0.00%,79.91MiB / 3.826GiB[K
[K
[J[Happ,25.49%,100.2MiB / 3.826GiB
redis,0.09%,8.812MiB / 3.826GiB
postgres,6.30%,41.28MiB / 3.826GiB
chatbot-db-1,0.00%,79.91MiB / 3.826GiB
[Happ,25.49%,100.2MiB / 3.826GiB[K
redis,0.09%,8.812MiB / 3.826GiB[K
postgres,6.30%,41.28MiB / 3.826GiB[K
chatbot-db-1,0.00%,79.91MiB / 3.826GiB[K
[K
[J[Happ,25.49%,100.2MiB / 3.826GiB
redis,0.09%,8.812MiB / 3.826GiB
postgres,6.30%,41.28MiB / 3.826GiB
chatbot-db-1,0.00%,79.91MiB / 3.826GiB
[Happ,25.49%,100.2MiB / 3.826GiB[K
redis,0.09%,8.812MiB / 3.826GiB[K
postgres,6.30%,41.28MiB / 3.826GiB[K
chatbot-db-1,0.00%,79.91MiB / 3.826GiB[K
[K
[J[Happ,32.08%,100.5MiB / 3.826GiB
redis,1.46%,8.812MiB / 3.826GiB
postgres,11.81%,41.53MiB / 3.826GiB
chatbot-db-1,0.07%,79.91MiB / 3.826GiB
[Happ,32.08%,100.5MiB / 3.826GiB[K
redis,1.46%,8.812MiB / 3.826GiB[K
postgres,11.81%,41.53MiB / 3.826GiB[K
chatbot-db-1,0.07%,79.91MiB / 3.826GiB[K
[K
[J[Happ,32.08%,100.5MiB / 3.826GiB
redis,1.46%,8.812MiB / 3.826GiB
postgres,11.81%,41.53MiB / 3.826GiB
chatbot-db-1,0.07%,79.91MiB / 3.826GiB
[Happ,32.08%,100.5MiB / 3.826GiB[K
redis,1.46%,8.812MiB / 3.826GiB[K
postgres,11.81%,41.53MiB / 3.826GiB[K
chatbot-db-1,0.07%,79.91MiB / 3.826GiB[K
[K
[J[Happ,28.06%,100.7MiB / 3.826GiB
redis,0.09%,8.812MiB / 3.826GiB
postgres,6.56%,41.56MiB / 3.826GiB
chatbot-db-1,0.05%,79.91MiB / 3.826GiB
[Happ,28.06%,100.7MiB / 3.826GiB[K
redis,0.09%,8.812MiB / 3.826GiB[K
postgres,6.56%,41.56MiB / 3.826GiB[K
chatbot-db-1,0.05%,79.91MiB / 3.826GiB[K
[K
[J[Happ,28.06%,100.7MiB / 3.826GiB
redis,0.09%,8.812MiB / 3.826GiB
postgres,6.56%,41.56MiB / 3.826GiB
chatbot-db-1,0.05%,79.91MiB / 3.826GiB
[Happ,28.06%,100.7MiB / 3.826GiB[K
redis,0.09%,8.812MiB / 3.826GiB[K
postgres,6.56%,41.56MiB / 3.826GiB[K
chatbot-db-1,0.05%,79.91MiB / 3.826GiB[K
[K
[J[Happ,24.71%,100.5MiB / 3.826GiB
redis,0.07%,8.812MiB / 3.826GiB
postgres,6.16%,41.65MiB / 3.826GiB
chatbot-db-1,1.95%,82.7MiB / 3.826GiB
[Happ,24.71%,100.5MiB / 3.826GiB[K
redis,0.07%,8.812MiB / 3.826GiB[K
postgres,6.16%,41.65MiB / 3.826GiB[K
chatbot-db-1,1.95%,82.7MiB / 3.826GiB[K
[K
[J[Happ,24.71%,100.5MiB / 3.826GiB
redis,0.07%,8.812MiB / 3.826GiB
postgres,6.16%,41.65MiB / 3.826GiB
chatbot-db-1,1.95%,82.7MiB / 3.826GiB
[Happ,24.71%,100.5MiB / 3.826GiB[K
redis,0.07%,8.812MiB / 3.826GiB[K
postgres,6.16%,41.65MiB / 3.826GiB[K
chatbot-db-1,1.95%,82.7MiB / 3.826GiB[K
[K
[J[Happ,25.02%,100.5MiB / 3.826GiB
redis,0.08%,8.812MiB / 3.826GiB
postgres,6.28%,41.73MiB / 3.826GiB
chatbot-db-1,5.93%,79.91MiB / 3.826GiB
[Happ,25.02%,100.5MiB / 3.826GiB[K
redis,0.08%,8.812MiB / 3.826GiB[K
postgres,6.28%,41.73MiB / 3.826GiB[K
chatbot-db-1,5.93%,79.91MiB / 3.826GiB[K
[K
[J[Happ,25.02%,100.5MiB / 3.826GiB
redis,0.08%,8.812MiB / 3.826GiB
postgres,6.28%,41.73MiB / 3.826GiB
chatbot-db-1,5.93%,79.91MiB / 3.826GiB
[Happ,25.02%,100.5MiB / 3.826GiB[K
redis,0.08%,8.812MiB / 3.826GiB[K
postgres,6.28%,41.73MiB / 3.826GiB[K
chatbot-db-1,5.93%,79.91MiB / 3.826GiB[K
[K
[J[Happ,25.06%,100.5MiB / 3.826GiB
redis,0.11%,8.812MiB / 3.826GiB
postgres,5.90%,41.74MiB / 3.826GiB
chatbot-db-1,0.00%,79.91MiB / 3.826GiB
[Happ,25.06%,100.5MiB / 3.826GiB[K
redis,0.11%,8.812MiB / 3.826GiB[K
postgres,5.90%,41.74MiB / 3.826GiB[K
chatbot-db-1,0.00%,79.91MiB / 3.826GiB[K
[K
[J[Happ,25.06%,100.5MiB / 3.826GiB
redis,0.11%,8.812MiB / 3.826GiB
postgres,5.90%,41.74MiB / 3.826GiB
chatbot-db-1,0.00%,79.91MiB / 3.826GiB
[Happ,25.06%,100.5MiB / 3.826GiB[K
redis,0.11%,8.812MiB / 3.826GiB[K
postgres,5.90%,41.74MiB / 3.826GiB[K
chatbot-db-1,0.00%,79.91MiB / 3.826GiB[K
[K
[J[Happ,33.45%,100.5MiB / 3.826GiB
redis,1.41%,8.812MiB / 3.826GiB
postgres,12.87%,41.87MiB / 3.826GiB
chatbot-db-1,0.37%,79.91MiB / 3.826GiB
[Happ,33.45%,100.5MiB / 3.826GiB[K
redis,1.41%,8.812MiB / 3.826GiB[K
postgres,12.87%,41.87MiB / 3.826GiB[K
chatbot-db-1,0.37%,79.91MiB / 3.826GiB[K
[K
[J[Happ,33.45%,100.5MiB / 3.826GiB
redis,1.41%,8.812MiB / 3.826GiB
postgres,12.87%,41.87MiB / 3.826GiB
chatbot-db-1,0.37%,79.91MiB / 3.826GiB
[Happ,33.45%,100.5MiB / 3.826GiB[K
redis,1.41%,8.812MiB / 3.826GiB[K
postgres,12.87%,41.87MiB / 3.826GiB[K
chatbot-db-1,0.37%,79.91MiB / 3.826GiB[K
[K
[J[Happ,60.61%,101.2MiB / 3.826GiB
redis,0.12%,8.812MiB / 3.826GiB
postgres,18.03%,57.6MiB / 3.826GiB
chatbot-db-1,0.00%,79.91MiB / 3.826GiB
[Happ,60.61%,101.2MiB / 3.826GiB[K
redis,0.12%,8.812MiB / 3.826GiB[K
postgres,18.03%,57.6MiB / 3.826GiB[K
chatbot-db-1,0.00%,79.91MiB / 3.826GiB[K
[K
[J[Happ,60.61%,101.2MiB / 3.826GiB
redis,0.12%,8.812MiB / 3.826GiB
postgres,18.03%,57.6MiB / 3.826GiB
chatbot-db-1,0.00%,79.91MiB / 3.826GiB
[Happ,60.61%,101.2MiB / 3.826GiB[K
redis,0.12%,8.812MiB / 3.826GiB[K
postgres,18.03%,57.6MiB / 3.826GiB[K
chatbot-db-1,0.00%,79.91MiB / 3.826GiB[K
[K
[J[Happ,24.98%,101.2MiB / 3.826GiB
redis,0.08%,8.812MiB / 3.826GiB
postgres,6.48%,58.25MiB / 3.826GiB
chatbot-db-1,24.79%,101.7MiB / 3.826GiB
[Happ,24.98%,101.2MiB / 3.826GiB[K
redis,0.08%,8.812MiB / 3.826GiB[K
postgres,6.48%,58.25MiB / 3.826GiB[K
chatbot-db-1,24.79%,101.7MiB / 3.826GiB[K
[K
[J[Happ,24.98%,101.2MiB / 3.826GiB
redis,0.08%,8.812MiB / 3.826GiB
postgres,6.48%,58.25MiB / 3.826GiB
chatbot-db-1,24.79%,101.7MiB / 3.826GiB
[Happ,24.98%,101.2MiB / 3.826GiB[K
redis,0.08%,8.812MiB / 3.826GiB[K
postgres,6.48%,58.25MiB / 3.826GiB[K
chatbot-db-1,24.79%,101.7MiB / 3.826GiB[K
[K
[J[Happ,27.67%,101.2MiB / 3.826GiB
redis,0.11%,8.812MiB / 3.826GiB
postgres,6.84%,58.24MiB / 3.826GiB
chatbot-db-1,10.41%,79.91MiB / 3.826GiB
[Happ,27.67%,101.2MiB / 3.826GiB[K
redis,0.11%,8.812MiB / 3.826GiB[K
postgres,6.84%,58.24MiB / 3.826GiB[K
chatbot-db-1,10.41%,79.91MiB / 3.826GiB[K
[K
[J[Happ,27.67%,101.2MiB / 3.826GiB
redis,0.11%,8.812MiB / 3.826GiB
postgres,6.84%,58.24MiB / 3.826GiB
chatbot-db-1,10.41%,79.91MiB / 3.826GiB
[Happ,27.67%,101.2MiB / 3.826GiB[K
redis,0.11%,8.812MiB / 3.826GiB[K
postgres,6.84%,58.24MiB / 3.826GiB[K
chatbot-db-1,10.41%,79.91MiB / 3.826GiB[K
[K
[J[Happ,23.71%,101.4MiB / 3.826GiB
redis,0.11%,8.812MiB / 3.826GiB
postgres,5.91%,58.55MiB / 3.826GiB
chatbot-db-1,0.00%,79.91MiB / 3.826GiB
[Happ,23.71%,101.4MiB / 3.826GiB[K
redis,0.11%,8.812MiB / 3.826GiB[K
postgres,5.91%,58.55MiB / 3.826GiB[K
chatbot-db-1,0.00%,79.91MiB / 3.826GiB[K
[K
[J[Happ,23.71%,101.4MiB / 3.826GiB
redis,0.11%,8.812MiB / 3.826GiB
postgres,5.91%,58.55MiB / 3.826GiB
chatbot-db-1,0.00%,79.91MiB / 3.826GiB
[Happ,23.71%,101.4MiB / 3.826GiB[K
redis,0.11%,8.812MiB / 3.826GiB[K
postgres,5.91%,58.55MiB / 3.826GiB[K
chatbot-db-1,0.00%,79.91MiB / 3.826GiB[K
[K
[J[Happ,35.91%,101.2MiB / 3.826GiB
redis,0.80%,8.812MiB / 3.826GiB
postgres,14.32%,58.36MiB / 3.826GiB
chatbot-db-1,0.06%,79.91MiB / 3.826GiB
[Happ,35.91%,101.2MiB / 3.826GiB[K
redis,0.80%,8.812MiB / 3.826GiB[K
postgres,14.32%,58.36MiB / 3.826GiB[K
chatbot-db-1,0.06%,79.91MiB / 3.826GiB[K
[K
[J[Happ,35.91%,101.2MiB / 3.826GiB
redis,0.80%,8.812MiB / 3.826GiB
postgres,14.32%,58.36MiB / 3.826GiB
chatbot-db-1,0.06%,79.91MiB / 3.826GiB
[Happ,35.91%,101.2MiB / 3.826GiB[K
redis,0.80%,8.812MiB / 3.826GiB[K
postgres,14.32%,58.36MiB / 3.826GiB[K
chatbot-db-1,0.06%,79.91MiB / 3.826GiB[K
[K
[J[Happ,35.75%,101.2MiB / 3.826GiB
redis,0.17%,8.812MiB / 3.826GiB
postgres,9.14%,58.34MiB / 3.826GiB
chatbot-db-1,0.06%,79.91MiB / 3.826GiB
[Happ,35.75%,101.2MiB / 3.826GiB[K
redis,0.17%,8.812MiB / 3.826GiB[K
postgres,9.14%,58.34MiB / 3.826GiB[K
chatbot-db-1,0.06%,79.91MiB / 3.826GiB[K
[K
[J[Happ,35.75%,101.2MiB / 3.826GiB
redis,0.17%,8.812MiB / 3.826GiB
postgres,9.14%,58.34MiB / 3.826GiB
chatbot-db-1,0.06%,79.91MiB / 3.826GiB
[Happ,35.75%,101.2MiB / 3.826GiB[K
redis,0.17%,8.812MiB / 3.826GiB[K
postgres,9.14%,58.34MiB / 3.826GiB[K
chatbot-db-1,0.06%,79.91MiB / 3.826GiB[K
[K
[J[Happ,26.08%,101.4MiB / 3.826GiB
redis,0.08%,8.812MiB / 3.826GiB
postgres,6.70%,58.47MiB / 3.826GiB
chatbot-db-1,0.02%,79.91MiB / 3.826GiB
[Happ,26.08%,101.4MiB / 3.826GiB[K
redis,0.08%,8.812MiB / 3.826GiB[K
postgres,6.70%,58.47MiB / 3.826GiB[K
chatbot-db-1,0.02%,79.91MiB / 3.826GiB[K
[K
[J[Happ,26.08%,101.4MiB / 3.826GiB
redis,0.08%,8.812MiB / 3.826GiB
postgres,6.70%,58.47MiB / 3.826GiB
chatbot-db-1,0.02%,79.91MiB / 3.826GiB
[Happ,26.08%,101.4MiB / 3.826GiB[K
redis,0.08%,8.812MiB / 3.826GiB[K
postgres,6.70%,58.47MiB / 3.826GiB[K
chatbot-db-1,0.02%,79.91MiB / 3.826GiB[K
[K
[J[Happ,23.40%,101.2MiB / 3.826GiB
redis,0.12%,8.812MiB / 3.826GiB
postgres,5.43%,58.72MiB / 3.826GiB
chatbot-db-1,0.00%,79.91MiB / 3.826GiB
[Happ,23.40%,101.2MiB / 3.826GiB[K
redis,0.12%,8.812MiB / 3.826GiB[K
postgres,5.43%,58.72MiB / 3.826GiB[K
chatbot-db-1,0.00%,79.91MiB / 3.826GiB[K
[K
[J[Happ,23.40%,101.2MiB / 3.826GiB
redis,0.12%,8.812MiB / 3.826GiB
postgres,5.43%,58.72MiB / 3.826GiB
chatbot-db-1,0.00%,79.91MiB / 3.826GiB
[Happ,23.40%,101.2MiB / 3.826GiB[K
redis,0.12%,8.812MiB / 3.826GiB[K
postgres,5.43%,58.72MiB / 3.826GiB[K
chatbot-db-1,0.00%,79.91MiB / 3.826GiB[K
[K
[J[Happ,25.50%,101.2MiB / 3.826GiB
redis,0.07%,8.812MiB / 3.826GiB
postgres,6.63%,58.53MiB / 3.826GiB
chatbot-db-1,0.00%,79.91MiB / 3.826GiB
[Happ,25.50%,101.2MiB / 3.826GiB[K
redis,0.07%,8.812MiB / 3.826GiB[K
postgres,6.63%,58.53MiB / 3.826GiB[K
chatbot-db-1,0.00%,79.91MiB / 3.826GiB[K
[K
[J[Happ,25.50%,101.2MiB / 3.826GiB
redis,0.07%,8.812MiB / 3.826GiB
postgres,6.63%,58.53MiB / 3.826GiB
chatbot-db-1,0.00%,79.91MiB / 3.826GiB
[Happ,25.50%,101.2MiB / 3.826GiB[K
redis,0.07%,8.812MiB / 3.826GiB[K
postgres,6.63%,58.53MiB / 3.826GiB[K
chatbot-db-1,0.00%,79.91MiB / 3.826GiB[K
[K
[J[Happ,28.09%,101.4MiB / 3.826GiB
redis,1.42%,8.812MiB / 3.826GiB
postgres,12.49%,58.8MiB / 3.826GiB
chatbot-db-1,0.06%,79.91MiB / 3.826GiB
[Happ,28.09%,101.4MiB / 3.826GiB[K
redis,1.42%,8.812MiB / 3.826GiB[K
postgres,12.49%,58.8MiB / 3.826GiB[K
chatbot-db-1,0.06%,79.91MiB / 3.826GiB[K
[K
[J[Happ,28.09%,101.4MiB / 3.826GiB
redis,1.42%,8.812MiB / 3.826GiB
postgres,12.49%,58.8MiB / 3.826GiB
chatbot-db-1,0.06%,79.91MiB / 3.826GiB
[Happ,28.09%,101.4MiB / 3.826GiB[K
redis,1.42%,8.812MiB / 3.826GiB[K
postgres,12.49%,58.8MiB / 3.826GiB[K
chatbot-db-1,0.06%,79.91MiB / 3.826GiB[K
[K
[J[Happ,24.43%,101.1MiB / 3.826GiB
redis,0.11%,8.812MiB / 3.826GiB
postgres,5.54%,58.8MiB / 3.826GiB
chatbot-db-1,0.00%,79.91MiB / 3.826GiB
[Happ,24.43%,101.1MiB / 3.826GiB[K
redis,0.11%,8.812MiB / 3.826GiB[K
postgres,5.54%,58.8MiB / 3.826GiB[K
chatbot-db-1,0.00%,79.91MiB / 3.826GiB[K
[K
[J[Happ,24.43%,101.1MiB / 3.826GiB
redis,0.11%,8.812MiB / 3.826GiB
postgres,5.54%,58.8MiB / 3.826GiB
chatbot-db-1,0.00%,79.91MiB / 3.826GiB
[Happ,24.43%,101.1MiB / 3.826GiB[K
redis,0.11%,8.812MiB / 3.826GiB[K
postgres,5.54%,58.8MiB / 3.826GiB[K
chatbot-db-1,0.00%,79.91MiB / 3.826GiB[K
[K
[J[Happ,26.25%,101.1MiB / 3.826GiB
redis,0.09%,8.812MiB / 3.826GiB
postgres,6.33%,58.84MiB / 3.826GiB
chatbot-db-1,0.00%,79.91MiB / 3.826GiB
[Happ,26.25%,101.1MiB / 3.826GiB[K
redis,0.09%,8.812MiB / 3.826GiB[K
postgres,6.33%,58.84MiB / 3.826GiB[K
chatbot-db-1,0.00%,79.91MiB / 3.826GiB[K
[K
[J[Happ,26.25%,101.1MiB / 3.826GiB
redis,0.09%,8.812MiB / 3.826GiB
postgres,6.33%,58.84MiB / 3.826GiB
chatbot-db-1,0.00%,79.91MiB / 3.826GiB
[Happ,26.25%,101.1MiB / 3.826GiB[K
redis,0.09%,8.812MiB / 3.826GiB[K
postgres,6.33%,58.84MiB / 3.826GiB[K
chatbot-db-1,0.00%,79.91MiB / 3.826GiB[K
[K
[J[Happ,31.95%,101.1MiB / 3.826GiB
redis,0.08%,8.812MiB / 3.826GiB
postgres,6.89%,58.85MiB / 3.826GiB
chatbot-db-1,37.94%,79.91MiB / 3.826GiB
[Happ,31.95%,101.1MiB / 3.826GiB[K
redis,0.08%,8.812MiB / 3.826GiB[K
postgres,6.89%,58.85MiB / 3.826GiB[K
chatbot-db-1,37.94%,79.91MiB / 3.826GiB[K
[K
[J[Happ,31.95%,101.1MiB / 3.826GiB
redis,0.08%,8.812MiB / 3.826GiB
postgres,6.89%,58.85MiB / 3.826GiB
chatbot-db-1,37.94%,79.91MiB / 3.826GiB
[Happ,31.95%,101.1MiB / 3.826GiB[K
redis,0.08%,8.812MiB / 3.826GiB[K
postgres,6.89%,58.85MiB / 3.826GiB[K
chatbot-db-1,37.94%,79.91MiB / 3.826GiB[K
[K
[J[Happ,24.02%,101.1MiB / 3.826GiB
redis,0.08%,8.812MiB / 3.826GiB
postgres,5.34%,58.85MiB / 3.826GiB
chatbot-db-1,0.00%,79.91MiB / 3.826GiB
[Happ,24.02%,101.1MiB / 3.826GiB[K
redis,0.08%,8.812MiB / 3.826GiB[K
postgres,5.34%,58.85MiB / 3.826GiB[K
chatbot-db-1,0.00%,79.91MiB / 3.826GiB[K
[K
[J[Happ,24.02%,101.1MiB / 3.826GiB
redis,0.08%,8.812MiB / 3.826GiB
postgres,5.34%,58.85MiB / 3.826GiB
chatbot-db-1,0.00%,79.91MiB / 3.826GiB
[Happ,24.02%,101.1MiB / 3.826GiB[K
redis,0.08%,8.812MiB / 3.826GiB[K
postgres,5.34%,58.85MiB / 3.826GiB[K
chatbot-db-1,0.00%,79.91MiB / 3.826GiB[K
[K
[J[Happ,35.68%,101.1MiB / 3.826GiB
redis,1.22%,8.812MiB / 3.826GiB
postgres,12.90%,58.88MiB / 3.826GiB
chatbot-db-1,0.04%,79.91MiB / 3.826GiB
[Happ,35.68%,101.1MiB / 3.826GiB[K
redis,1.22%,8.812MiB / 3.826GiB[K
postgres,12.90%,58.88MiB / 3.826GiB[K
chatbot-db-1,0.04%,79.91MiB / 3.826GiB[K
[K
[J[Happ,35.68%,101.1MiB / 3.826GiB
redis,1.22%,8.812MiB / 3.826GiB
postgres,12.90%,58.88MiB / 3.826GiB
chatbot-db-1,0.04%,79.91MiB / 3.826GiB
[Happ,35.68%,101.1MiB / 3.826GiB[K
redis,1.22%,8.812MiB / 3.826GiB[K
postgres,12.90%,58.88MiB / 3.826GiB[K
chatbot-db-1,0.04%,79.91MiB / 3.826GiB[K
[K
[J[Happ,23.51%,101.4MiB / 3.826GiB
redis,0.07%,8.812MiB / 3.826GiB
postgres,5.37%,58.89MiB / 3.826GiB
chatbot-db-1,0.08%,79.91MiB / 3.826GiB
[Happ,23.51%,101.4MiB / 3.826GiB[K
redis,0.07%,8.812MiB / 3.826GiB[K
postgres,5.37%,58.89MiB / 3.826GiB[K
chatbot-db-1,0.08%,79.91MiB / 3.826GiB[K
[K
[J[Happ,23.51%,101.4MiB / 3.826GiB
redis,0.07%,8.812MiB / 3.826GiB
postgres,5.37%,58.89MiB / 3.826GiB
chatbot-db-1,0.08%,79.91MiB / 3.826GiB
[Happ,23.51%,101.4MiB / 3.826GiB[K
redis,0.07%,8.812MiB / 3.826GiB[K
postgres,5.37%,58.89MiB / 3.826GiB[K
chatbot-db-1,0.08%,79.91MiB / 3.826GiB[K
[K
[J[Happ,27.96%,101.4MiB / 3.826GiB
redis,0.08%,8.812MiB / 3.826GiB
postgres,5.97%,58.89MiB / 3.826GiB
chatbot-db-1,0.01%,79.91MiB / 3.826GiB
[Happ,27.96%,101.4MiB / 3.826GiB[K
redis,0.08%,8.812MiB / 3.826GiB[K
postgres,5.97%,58.89MiB / 3.826GiB[K
chatbot-db-1,0.01%,79.91MiB / 3.826GiB[K
[K
[J[Happ,27.96%,101.4MiB / 3.826GiB
redis,0.08%,8.812MiB / 3.826GiB
postgres,5.97%,58.89MiB / 3.826GiB
chatbot-db-1,0.01%,79.91MiB / 3.826GiB
[Happ,27.96%,101.4MiB / 3.826GiB[K
redis,0.08%,8.812MiB / 3.826GiB[K
postgres,5.97%,58.89MiB / 3.826GiB[K
chatbot-db-1,0.01%,79.91MiB / 3.826GiB[K
[K
[J[Happ,23.23%,101.2MiB / 3.826GiB
redis,0.08%,8.812MiB / 3.826GiB
postgres,5.29%,58.89MiB / 3.826GiB
chatbot-db-1,0.00%,79.91MiB / 3.826GiB
[Happ,23.23%,101.2MiB / 3.826GiB[K
redis,0.08%,8.812MiB / 3.826GiB[K
postgres,5.29%,58.89MiB / 3.826GiB[K
chatbot-db-1,0.00%,79.91MiB / 3.826GiB[K
[K
[J[Happ,23.23%,101.2MiB / 3.826GiB
redis,0.08%,8.812MiB / 3.826GiB
postgres,5.29%,58.89MiB / 3.826GiB
chatbot-db-1,0.00%,79.91MiB / 3.826GiB
[Happ,23.23%,101.2MiB / 3.826GiB[K
redis,0.08%,8.812MiB / 3.826GiB[K
postgres,5.29%,58.89MiB / 3.826GiB[K
chatbot-db-1,0.00%,79.91MiB / 3.826GiB[K
[K
[J[Happ,22.93%,101.2MiB / 3.826GiB
redis,0.12%,8.812MiB / 3.826GiB
postgres,5.10%,58.9MiB / 3.826GiB
chatbot-db-1,0.00%,79.91MiB / 3.826GiB
[Happ,22.93%,101.2MiB / 3.826GiB[K
redis,0.12%,8.812MiB / 3.826GiB[K
postgres,5.10%,58.9MiB / 3.826GiB[K
chatbot-db-1,0.00%,79.91MiB / 3.826GiB[K
[K
[J[Happ,22.93%,101.2MiB / 3.826GiB
redis,0.12%,8.812MiB / 3.826GiB
postgres,5.10%,58.9MiB / 3.826GiB
chatbot-db-1,0.00%,79.91MiB / 3.826GiB
[Happ,22.93%,101.2MiB / 3.826GiB[K
redis,0.12%,8.812MiB / 3.826GiB[K
postgres,5.10%,58.9MiB / 3.826GiB[K
chatbot-db-1,0.00%,79.91MiB / 3.826GiB[K
[K
[J[Happ,26.62%,101.4MiB / 3.826GiB
redis,1.46%,8.812MiB / 3.826GiB
postgres,9.36%,58.93MiB / 3.826GiB
chatbot-db-1,0.04%,79.91MiB / 3.826GiB
[Happ,26.62%,101.4MiB / 3.826GiB[K
redis,1.46%,8.812MiB / 3.826GiB[K
postgres,9.36%,58.93MiB / 3.826GiB[K
chatbot-db-1,0.04%,79.91MiB / 3.826GiB[K
[K
[J[Happ,26.62%,101.4MiB / 3.826GiB
redis,1.46%,8.812MiB / 3.826GiB
postgres,9.36%,58.93MiB / 3.826GiB
chatbot-db-1,0.04%,79.91MiB / 3.826GiB
[Happ,26.62%,101.4MiB / 3.826GiB[K
redis,1.46%,8.812MiB / 3.826GiB[K
postgres,9.36%,58.93MiB / 3.826GiB[K
chatbot-db-1,0.04%,79.91MiB / 3.826GiB[K
[K
[J[Happ,27.34%,101.4MiB / 3.826GiB
redis,0.07%,8.812MiB / 3.826GiB
postgres,6.55%,58.93MiB / 3.826GiB
chatbot-db-1,0.00%,79.91MiB / 3.826GiB
[Happ,27.34%,101.4MiB / 3.826GiB[K
redis,0.07%,8.812MiB / 3.826GiB[K
postgres,6.55%,58.93MiB / 3.826GiB[K
chatbot-db-1,0.00%,79.91MiB / 3.826GiB[K
[K
[J[Happ,27.34%,101.4MiB / 3.826GiB
redis,0.07%,8.812MiB / 3.826GiB
postgres,6.55%,58.93MiB / 3.826GiB
chatbot-db-1,0.00%,79.91MiB / 3.826GiB
[Happ,27.34%,101.4MiB / 3.826GiB[K
redis,0.07%,8.812MiB / 3.826GiB[K
postgres,6.55%,58.93MiB / 3.826GiB[K
chatbot-db-1,0.00%,79.91MiB / 3.826GiB[K
[K
[J[Happ,34.46%,101.2MiB / 3.826GiB
redis,0.07%,8.812MiB / 3.826GiB
postgres,7.70%,58.96MiB / 3.826GiB
chatbot-db-1,0.00%,79.91MiB / 3.826GiB
[Happ,34.46%,101.2MiB / 3.826GiB[K
redis,0.07%,8.812MiB / 3.826GiB[K
postgres,7.70%,58.96MiB / 3.826GiB[K
chatbot-db-1,0.00%,79.91MiB / 3.826GiB[K
[K
[J[Happ,34.46%,101.2MiB / 3.826GiB
redis,0.07%,8.812MiB / 3.826GiB
postgres,7.70%,58.96MiB / 3.826GiB
chatbot-db-1,0.00%,79.91MiB / 3.826GiB
[Happ,34.46%,101.2MiB / 3.826GiB[K
redis,0.07%,8.812MiB / 3.826GiB[K
postgres,7.70%,58.96MiB / 3.826GiB[K
chatbot-db-1,0.00%,79.91MiB / 3.826GiB[K
[K
[J[Happ,59.33%,101.8MiB / 3.826GiB
redis,0.14%,8.812MiB / 3.826GiB
postgres,14.42%,59.98MiB / 3.826GiB
chatbot-db-1,47.26%,79.91MiB / 3.826GiB
[Happ,59.33%,101.8MiB / 3.826GiB[K
redis,0.14%,8.812MiB / 3.826GiB[K
postgres,14.42%,59.98MiB / 3.826GiB[K
chatbot-db-1,47.26%,79.91MiB / 3.826GiB[K
[K
[J[Happ,59.33%,101.8MiB / 3.826GiB
redis,0.14%,8.812MiB / 3.826GiB
postgres,14.42%,59.98MiB / 3.826GiB
chatbot-db-1,47.26%,79.91MiB / 3.826GiB
[Happ,59.33%,101.8MiB / 3.826GiB[K
redis,0.14%,8.812MiB / 3.826GiB[K
postgres,14.42%,59.98MiB / 3.826GiB[K
chatbot-db-1,47.26%,79.91MiB / 3.826GiB[K
[K
[J[Happ,55.26%,102.2MiB / 3.826GiB
redis,0.14%,8.812MiB / 3.826GiB
postgres,14.04%,59.24MiB / 3.826GiB
chatbot-db-1,0.00%,79.91MiB / 3.826GiB
[Happ,55.26%,102.2MiB / 3.826GiB[K
redis,0.14%,8.812MiB / 3.826GiB[K
postgres,14.04%,59.24MiB / 3.826GiB[K
chatbot-db-1,0.00%,79.91MiB / 3.826GiB[K
[K
[J[Happ,55.26%,102.2MiB / 3.826GiB
redis,0.14%,8.812MiB / 3.826GiB
postgres,14.04%,59.24MiB / 3.826GiB
chatbot-db-1,0.00%,79.91MiB / 3.826GiB
[Happ,55.26%,102.2MiB / 3.826GiB[K
redis,0.14%,8.812MiB / 3.826GiB[K
postgres,14.04%,59.24MiB / 3.826GiB[K
chatbot-db-1,0.00%,79.91MiB / 3.826GiB[K
[K
[J[Happ,69.56%,105.1MiB / 3.826GiB
redis,1.89%,8.812MiB / 3.826GiB
postgres,26.40%,58.41MiB / 3.826GiB
chatbot-db-1,0.13%,79.91MiB / 3.826GiB
[Happ,69.56%,105.1MiB / 3.826GiB[K
redis,1.89%,8.812MiB / 3.826GiB[K
postgres,26.40%,58.41MiB / 3.826GiB[K
chatbot-db-1,0.13%,79.91MiB / 3.826GiB[K
[K
[J[Happ,69.56%,105.1MiB / 3.826GiB
redis,1.89%,8.812MiB / 3.826GiB
postgres,26.40%,58.41MiB / 3.826GiB
chatbot-db-1,0.13%,79.91MiB / 3.826GiB
[Happ,69.56%,105.1MiB / 3.826GiB[K
redis,1.89%,8.812MiB / 3.826GiB[K
postgres,26.40%,58.41MiB / 3.826GiB[K
chatbot-db-1,0.13%,79.91MiB / 3.826GiB[K
[K
[J[Happ,52.26%,105.2MiB / 3.826GiB
redis,0.08%,8.812MiB / 3.826GiB
postgres,10.89%,58.63MiB / 3.826GiB
chatbot-db-1,0.06%,79.91MiB / 3.826GiB
[Happ,52.26%,105.2MiB / 3.826GiB[K
redis,0.08%,8.812MiB / 3.826GiB[K
postgres,10.89%,58.63MiB / 3.826GiB[K
chatbot-db-1,0.06%,79.91MiB / 3.826GiB[K
[K
[J[Happ,52.26%,105.2MiB / 3.826GiB
redis,0.08%,8.812MiB / 3.826GiB
postgres,10.89%,58.63MiB / 3.826GiB
chatbot-db-1,0.06%,79.91MiB / 3.826GiB
[Happ,52.26%,105.2MiB / 3.826GiB[K
redis,0.08%,8.812MiB / 3.826GiB[K
postgres,10.89%,58.63MiB / 3.826GiB[K
chatbot-db-1,0.06%,79.91MiB / 3.826GiB[K
[K
[J[Happ,70.25%,105.3MiB / 3.826GiB
redis,0.10%,8.812MiB / 3.826GiB
postgres,19.53%,58.18MiB / 3.826GiB
chatbot-db-1,0.01%,79.91MiB / 3.826GiB
[Happ,70.25%,105.3MiB / 3.826GiB[K
redis,0.10%,8.812MiB / 3.826GiB[K
postgres,19.53%,58.18MiB / 3.826GiB[K
chatbot-db-1,0.01%,79.91MiB / 3.826GiB[K
[K
[J[Happ,70.25%,105.3MiB / 3.826GiB
redis,0.10%,8.812MiB / 3.826GiB
postgres,19.53%,58.18MiB / 3.826GiB
chatbot-db-1,0.01%,79.91MiB / 3.826GiB
[Happ,70.25%,105.3MiB / 3.826GiB[K
redis,0.10%,8.812MiB / 3.826GiB[K
postgres,19.53%,58.18MiB / 3.826GiB[K
chatbot-db-1,0.01%,79.91MiB / 3.826GiB[K
[K
[J[Happ,48.91%,105.1MiB / 3.826GiB
redis,0.12%,8.812MiB / 3.826GiB
postgres,12.24%,58.71MiB / 3.826GiB
chatbot-db-1,0.00%,79.91MiB / 3.826GiB
[Happ,48.91%,105.1MiB / 3.826GiB[K
redis,0.12%,8.812MiB / 3.826GiB[K
postgres,12.24%,58.71MiB / 3.826GiB[K
chatbot-db-1,0.00%,79.91MiB / 3.826GiB[K
[K
[J[Happ,48.91%,105.1MiB / 3.826GiB
redis,0.12%,8.812MiB / 3.826GiB
postgres,12.24%,58.71MiB / 3.826GiB
chatbot-db-1,0.00%,79.91MiB / 3.826GiB
[Happ,48.91%,105.1MiB / 3.826GiB[K
redis,0.12%,8.812MiB / 3.826GiB[K
postgres,12.24%,58.71MiB / 3.826GiB[K
chatbot-db-1,0.00%,79.91MiB / 3.826GiB[K
[K
[J[Happ,49.04%,105.1MiB / 3.826GiB
redis,0.08%,8.812MiB / 3.826GiB
postgres,12.00%,58.71MiB / 3.826GiB
chatbot-db-1,0.04%,79.91MiB / 3.826GiB
[Happ,49.04%,105.1MiB / 3.826GiB[K
redis,0.08%,8.812MiB / 3.826GiB[K
postgres,12.00%,58.71MiB / 3.826GiB[K
chatbot-db-1,0.04%,79.91MiB / 3.826GiB[K
[K
[J[Happ,49.04%,105.1MiB / 3.826GiB
redis,0.08%,8.812MiB / 3.826GiB
postgres,12.00%,58.71MiB / 3.826GiB
chatbot-db-1,0.04%,79.91MiB / 3.826GiB
[Happ,49.04%,105.1MiB / 3.826GiB[K
redis,0.08%,8.812MiB / 3.826GiB[K
postgres,12.00%,58.71MiB / 3.826GiB[K
chatbot-db-1,0.04%,79.91MiB / 3.826GiB[K
[K
[J[Happ,52.52%,105.1MiB / 3.826GiB
redis,0.96%,8.812MiB / 3.826GiB
postgres,15.61%,59.02MiB / 3.826GiB
chatbot-db-1,0.00%,79.91MiB / 3.826GiB
[Happ,52.52%,105.1MiB / 3.826GiB[K
redis,0.96%,8.812MiB / 3.826GiB[K
postgres,15.61%,59.02MiB / 3.826GiB[K
chatbot-db-1,0.00%,79.91MiB / 3.826GiB[K
[K
[J[Happ,52.52%,105.1MiB / 3.826GiB
redis,0.96%,8.812MiB / 3.826GiB
postgres,15.61%,59.02MiB / 3.826GiB
chatbot-db-1,0.00%,79.91MiB / 3.826GiB
[Happ,52.52%,105.1MiB / 3.826GiB[K
redis,0.96%,8.812MiB / 3.826GiB[K
postgres,15.61%,59.02MiB / 3.826GiB[K
chatbot-db-1,0.00%,79.91MiB / 3.826GiB[K
[K
[J[Happ,48.95%,105.3MiB / 3.826GiB
redis,0.09%,8.812MiB / 3.826GiB
postgres,11.57%,59.05MiB / 3.826GiB
chatbot-db-1,0.00%,79.91MiB / 3.826GiB
[Happ,48.95%,105.3MiB / 3.826GiB[K
redis,0.09%,8.812MiB / 3.826GiB[K
postgres,11.57%,59.05MiB / 3.826GiB[K
chatbot-db-1,0.00%,79.91MiB / 3.826GiB[K
[K
[J[Happ,48.95%,105.3MiB / 3.826GiB
redis,0.09%,8.812MiB / 3.826GiB
postgres,11.57%,59.05MiB / 3.826GiB
chatbot-db-1,0.00%,79.91MiB / 3.826GiB
[Happ,48.95%,105.3MiB / 3.826GiB[K
redis,0.09%,8.812MiB / 3.826GiB[K
postgres,11.57%,59.05MiB / 3.826GiB[K
chatbot-db-1,0.00%,79.91MiB / 3.826GiB[K
[K
[J[Happ,47.22%,105.1MiB / 3.826GiB
redis,0.09%,8.812MiB / 3.826GiB
postgres,10.86%,59.14MiB / 3.826GiB
chatbot-db-1,0.00%,79.91MiB / 3.826GiB
[Happ,47.22%,105.1MiB / 3.826GiB[K
redis,0.09%,8.812MiB / 3.826GiB[K
postgres,10.86%,59.14MiB / 3.826GiB[K
chatbot-db-1,0.00%,79.91MiB / 3.826GiB[K
[K
[J[Happ,47.22%,105.1MiB / 3.826GiB
redis,0.09%,8.812MiB / 3.826GiB
postgres,10.86%,59.14MiB / 3.826GiB
chatbot-db-1,0.00%,79.91MiB / 3.826GiB
[Happ,47.22%,105.1MiB / 3.826GiB[K
redis,0.09%,8.812MiB / 3.826GiB[K
postgres,10.86%,59.14MiB / 3.826GiB[K
chatbot-db-1,0.00%,79.91MiB / 3.826GiB[K
[K
[J[Happ,65.90%,105.9MiB / 3.826GiB
redis,0.14%,8.812MiB / 3.826GiB
postgres,16.08%,67.8MiB / 3.826GiB
chatbot-db-1,46.46%,86.87MiB / 3.826GiB
[Happ,65.90%,105.9MiB / 3.826GiB[K
redis,0.14%,8.812MiB / 3.826GiB[K
postgres,16.08%,67.8MiB / 3.826GiB[K
chatbot-db-1,46.46%,86.87MiB / 3.826GiB[K
[K
[J[Happ,65.90%,105.9MiB / 3.826GiB
redis,0.14%,8.812MiB / 3.826GiB
postgres,16.08%,67.8MiB / 3.826GiB
chatbot-db-1,46.46%,86.87MiB / 3.826GiB
[Happ,65.90%,105.9MiB / 3.826GiB[K
redis,0.14%,8.812MiB / 3.826GiB[K
postgres,16.08%,67.8MiB / 3.826GiB[K
chatbot-db-1,46.46%,86.87MiB / 3.826GiB[K
[K
[J[Happ,65.90%,105.9MiB / 3.826GiB
redis,0.17%,8.812MiB / 3.826GiB
postgres,16.08%,67.8MiB / 3.826GiB
chatbot-db-1,46.46%,86.87MiB / 3.826GiB
[Happ,65.90%,105.9MiB / 3.826GiB[K
redis,0.17%,8.812MiB / 3.826GiB[K
postgres,16.08%,67.8MiB / 3.826GiB[K
chatbot-db-1,46.46%,86.87MiB / 3.826GiB[K
[K
[J[Happ,72.35%,105.3MiB / 3.826GiB
redis,0.17%,8.812MiB / 3.826GiB
postgres,21.72%,65.96MiB / 3.826GiB
chatbot-db-1,0.30%,79.91MiB / 3.826GiB
[Happ,72.35%,105.3MiB / 3.826GiB[K
redis,0.17%,8.812MiB / 3.826GiB[K
postgres,21.72%,65.96MiB / 3.826GiB[K
chatbot-db-1,0.30%,79.91MiB / 3.826GiB[K
[K
[J[Happ,72.35%,105.3MiB / 3.826GiB
redis,0.17%,8.812MiB / 3.826GiB
postgres,21.72%,65.96MiB / 3.826GiB
chatbot-db-1,0.30%,79.91MiB / 3.826GiB
[Happ,72.35%,105.3MiB / 3.826GiB[K
redis,0.17%,8.812MiB / 3.826GiB[K
postgres,21.72%,65.96MiB / 3.826GiB[K
chatbot-db-1,0.30%,79.91MiB / 3.826GiB[K
[K
[J[Happ,77.45%,105.3MiB / 3.826GiB
redis,1.19%,8.812MiB / 3.826GiB
postgres,28.42%,58.04MiB / 3.826GiB
chatbot-db-1,0.00%,79.91MiB / 3.826GiB
[Happ,77.45%,105.3MiB / 3.826GiB[K
redis,1.19%,8.812MiB / 3.826GiB[K
postgres,28.42%,58.04MiB / 3.826GiB[K
chatbot-db-1,0.00%,79.91MiB / 3.826GiB[K
[K
[J[Happ,77.45%,105.3MiB / 3.826GiB
redis,1.19%,8.812MiB / 3.826GiB
postgres,28.42%,58.04MiB / 3.826GiB
chatbot-db-1,0.00%,79.91MiB / 3.826GiB
[Happ,77.45%,105.3MiB / 3.826GiB[K
redis,1.19%,8.812MiB / 3.826GiB[K
postgres,28.42%,58.04MiB / 3.826GiB[K
chatbot-db-1,0.00%,79.91MiB / 3.826GiB[K
[K
[J[Happ,55.03%,105.1MiB / 3.826GiB
redis,0.12%,8.812MiB / 3.826GiB
postgres,12.51%,58.5MiB / 3.826GiB
chatbot-db-1,0.00%,79.91MiB / 3.826GiB
[Happ,55.03%,105.1MiB / 3.826GiB[K
redis,0.12%,8.812MiB / 3.826GiB[K
postgres,12.51%,58.5MiB / 3.826GiB[K
chatbot-db-1,0.00%,79.91MiB / 3.826GiB[K
[K
[J[Happ,55.03%,105.1MiB / 3.826GiB
redis,0.12%,8.812MiB / 3.826GiB
postgres,12.51%,58.5MiB / 3.826GiB
chatbot-db-1,0.00%,79.91MiB / 3.826GiB
[Happ,55.03%,105.1MiB / 3.826GiB[K
redis,0.12%,8.812MiB / 3.826GiB[K
postgres,12.51%,58.5MiB / 3.826GiB[K
chatbot-db-1,0.00%,79.91MiB / 3.826GiB[K
[K
[J[Happ,49.68%,105.1MiB / 3.826GiB
redis,0.09%,8.812MiB / 3.826GiB
postgres,12.32%,58.66MiB / 3.826GiB
chatbot-db-1,0.11%,79.91MiB / 3.826GiB
[Happ,49.68%,105.1MiB / 3.826GiB[K
redis,0.09%,8.812MiB / 3.826GiB[K
postgres,12.32%,58.66MiB / 3.826GiB[K
chatbot-db-1,0.11%,79.91MiB / 3.826GiB[K
[K
[J[Happ,49.68%,105.1MiB / 3.826GiB
redis,0.09%,8.812MiB / 3.826GiB
postgres,12.32%,58.66MiB / 3.826GiB
chatbot-db-1,0.11%,79.91MiB / 3.826GiB
[Happ,49.68%,105.1MiB / 3.826GiB[K
redis,0.09%,8.812MiB / 3.826GiB[K
postgres,12.32%,58.66MiB / 3.826GiB[K
chatbot-db-1,0.11%,79.91MiB / 3.826GiB[K
[K
[J[Happ,48.12%,105.1MiB / 3.826GiB
redis,0.10%,8.812MiB / 3.826GiB
postgres,11.17%,58.77MiB / 3.826GiB
chatbot-db-1,0.00%,79.91MiB / 3.826GiB
[Happ,48.12%,105.1MiB / 3.826GiB[K
redis,0.10%,8.812MiB / 3.826GiB[K
postgres,11.17%,58.77MiB / 3.826GiB[K
chatbot-db-1,0.00%,79.91MiB / 3.826GiB[K
[K
[J[Happ,48.12%,105.1MiB / 3.826GiB
redis,0.10%,8.812MiB / 3.826GiB
postgres,11.17%,58.77MiB / 3.826GiB
chatbot-db-1,0.00%,79.91MiB / 3.826GiB
[Happ,48.12%,105.1MiB / 3.826GiB[K
redis,0.10%,8.812MiB / 3.826GiB[K
postgres,11.17%,58.77MiB / 3.826GiB[K
chatbot-db-1,0.00%,79.91MiB / 3.826GiB[K
[K
[J[Happ,56.19%,105.1MiB / 3.826GiB
redis,0.15%,8.812MiB / 3.826GiB
postgres,14.07%,58.78MiB / 3.826GiB
chatbot-db-1,0.05%,79.91MiB / 3.826GiB
[Happ,56.19%,105.1MiB / 3.826GiB[K
redis,0.15%,8.812MiB / 3.826GiB[K
postgres,14.07%,58.78MiB / 3.826GiB[K
chatbot-db-1,0.05%,79.91MiB / 3.826GiB[K
[K
[J[Happ,56.19%,105.1MiB / 3.826GiB
redis,0.15%,8.812MiB / 3.826GiB
postgres,14.07%,58.78MiB / 3.826GiB
chatbot-db-1,0.05%,79.91MiB / 3.826GiB
[Happ,56.19%,105.1MiB / 3.826GiB[K
redis,0.15%,8.812MiB / 3.826GiB[K
postgres,14.07%,58.78MiB / 3.826GiB[K
chatbot-db-1,0.05%,79.91MiB / 3.826GiB[K
[K
[J[Happ,69.70%,105.7MiB / 3.826GiB
redis,0.10%,8.812MiB / 3.826GiB
postgres,17.74%,58.75MiB / 3.826GiB
chatbot-db-1,0.00%,79.91MiB / 3.826GiB
[Happ,69.70%,105.7MiB / 3.826GiB[K
redis,0.10%,8.812MiB / 3.826GiB[K
postgres,17.74%,58.75MiB / 3.826GiB[K
chatbot-db-1,0.00%,79.91MiB / 3.826GiB[K
[K
[J[Happ,69.70%,105.7MiB / 3.826GiB
redis,0.10%,8.812MiB / 3.826GiB
postgres,17.74%,58.75MiB / 3.826GiB
chatbot-db-1,0.00%,79.91MiB / 3.826GiB
[Happ,69.70%,105.7MiB / 3.826GiB[K
redis,0.10%,8.812MiB / 3.826GiB[K
postgres,17.74%,58.75MiB / 3.826GiB[K
chatbot-db-1,0.00%,79.91MiB / 3.826GiB[K
[K
[J[Happ,81.28%,106MiB / 3.826GiB
redis,2.75%,8.812MiB / 3.826GiB
postgres,35.75%,59.08MiB / 3.826GiB
chatbot-db-1,0.00%,79.91MiB / 3.826GiB
[Happ,81.28%,106MiB / 3.826GiB[K
redis,2.75%,8.812MiB / 3.826GiB[K
postgres,35.75%,59.08MiB / 3.826GiB[K
chatbot-db-1,0.00%,79.91MiB / 3.826GiB[K
[K
[J[Happ,81.28%,106MiB / 3.826GiB
redis,2.75%,8.812MiB / 3.826GiB
postgres,35.75%,59.08MiB / 3.826GiB
chatbot-db-1,0.00%,79.91MiB / 3.826GiB
[Happ,81.28%,106MiB / 3.826GiB[K
redis,2.75%,8.812MiB / 3.826GiB[K
postgres,35.75%,59.08MiB / 3.826GiB[K
chatbot-db-1,0.00%,79.91MiB / 3.826GiB[K
[K
[J[Happ,50.99%,106MiB / 3.826GiB
redis,0.12%,8.812MiB / 3.826GiB
postgres,11.99%,58.91MiB / 3.826GiB
chatbot-db-1,0.00%,79.91MiB / 3.826GiB
[Happ,50.99%,106MiB / 3.826GiB[K
redis,0.12%,8.812MiB / 3.826GiB[K
postgres,11.99%,58.91MiB / 3.826GiB[K
chatbot-db-1,0.00%,79.91MiB / 3.826GiB[K
[K
[J[Happ,50.99%,106MiB / 3.826GiB
redis,0.12%,8.812MiB / 3.826GiB
postgres,11.99%,58.91MiB / 3.826GiB
chatbot-db-1,0.00%,79.91MiB / 3.826GiB
[Happ,50.99%,106MiB / 3.826GiB[K
redis,0.12%,8.812MiB / 3.826GiB[K
postgres,11.99%,58.91MiB / 3.826GiB[K
chatbot-db-1,0.00%,79.91MiB / 3.826GiB[K
[K
[J[Happ,60.82%,106.2MiB / 3.826GiB
redis,0.13%,8.812MiB / 3.826GiB
postgres,13.79%,58.91MiB / 3.826GiB
chatbot-db-1,7.30%,90.41MiB / 3.826GiB
[Happ,60.82%,106.2MiB / 3.826GiB[K
redis,0.13%,8.812MiB / 3.826GiB[K
postgres,13.79%,58.91MiB / 3.826GiB[K
chatbot-db-1,7.30%,90.41MiB / 3.826GiB[K
[K
[J[Happ,60.82%,106.2MiB / 3.826GiB
redis,0.13%,8.812MiB / 3.826GiB
postgres,13.79%,58.91MiB / 3.826GiB
chatbot-db-1,7.30%,90.41MiB / 3.826GiB
[Happ,60.82%,106.2MiB / 3.826GiB[K
redis,0.13%,8.812MiB / 3.826GiB[K
postgres,13.79%,58.91MiB / 3.826GiB[K
chatbot-db-1,7.30%,90.41MiB / 3.826GiB[K
[K
[J[Happ,66.07%,106.2MiB / 3.826GiB
redis,0.11%,8.812MiB / 3.826GiB
postgres,17.19%,58.98MiB / 3.826GiB
chatbot-db-1,39.25%,79.91MiB / 3.826GiB
[Happ,66.07%,106.2MiB / 3.826GiB[K
redis,0.11%,8.812MiB / 3.826GiB[K
postgres,17.19%,58.98MiB / 3.826GiB[K
chatbot-db-1,39.25%,79.91MiB / 3.826GiB[K
[K
[J[Happ,66.07%,106.2MiB / 3.826GiB
redis,0.11%,8.812MiB / 3.826GiB
postgres,17.19%,58.98MiB / 3.826GiB
chatbot-db-1,39.25%,79.91MiB / 3.826GiB
[Happ,66.07%,106.2MiB / 3.826GiB[K
redis,0.11%,8.812MiB / 3.826GiB[K
postgres,17.19%,58.98MiB / 3.826GiB[K
chatbot-db-1,39.25%,79.91MiB / 3.826GiB[K
[K
[J[Happ,52.84%,106.2MiB / 3.826GiB
redis,0.10%,8.812MiB / 3.826GiB
postgres,12.40%,58.75MiB / 3.826GiB
chatbot-db-1,0.00%,79.91MiB / 3.826GiB
[Happ,52.84%,106.2MiB / 3.826GiB[K
redis,0.10%,8.812MiB / 3.826GiB[K
postgres,12.40%,58.75MiB / 3.826GiB[K
chatbot-db-1,0.00%,79.91MiB / 3.826GiB[K
[K
[J[Happ,52.84%,106.2MiB / 3.826GiB
redis,0.10%,8.812MiB / 3.826GiB
postgres,12.40%,58.75MiB / 3.826GiB
chatbot-db-1,0.00%,79.91MiB / 3.826GiB
[Happ,52.84%,106.2MiB / 3.826GiB[K
redis,0.10%,8.812MiB / 3.826GiB[K
postgres,12.40%,58.75MiB / 3.826GiB[K
chatbot-db-1,0.00%,79.91MiB / 3.826GiB[K
[K
[J[Happ,93.73%,105.9MiB / 3.826GiB
redis,1.63%,8.812MiB / 3.826GiB
postgres,38.17%,58.2MiB / 3.826GiB
chatbot-db-1,0.00%,79.91MiB / 3.826GiB
[Happ,93.73%,105.9MiB / 3.826GiB[K
redis,1.63%,8.812MiB / 3.826GiB[K
postgres,38.17%,58.2MiB / 3.826GiB[K
chatbot-db-1,0.00%,79.91MiB / 3.826GiB[K
[K
[J[Happ,93.73%,105.9MiB / 3.826GiB
redis,1.63%,8.812MiB / 3.826GiB
postgres,38.17%,58.2MiB / 3.826GiB
chatbot-db-1,0.00%,79.91MiB / 3.826GiB
[Happ,93.73%,105.9MiB / 3.826GiB[K
redis,1.63%,8.812MiB / 3.826GiB[K
postgres,38.17%,58.2MiB / 3.826GiB[K
chatbot-db-1,0.00%,79.91MiB / 3.826GiB[K
[K
[J[Happ,67.08%,105.9MiB / 3.826GiB
redis,0.13%,8.812MiB / 3.826GiB
postgres,16.98%,58.52MiB / 3.826GiB
chatbot-db-1,0.39%,79.91MiB / 3.826GiB
[Happ,67.08%,105.9MiB / 3.826GiB[K
redis,0.13%,8.812MiB / 3.826GiB[K
postgres,16.98%,58.52MiB / 3.826GiB[K
chatbot-db-1,0.39%,79.91MiB / 3.826GiB[K
[K
[J[Happ,67.08%,105.9MiB / 3.826GiB
redis,0.13%,8.812MiB / 3.826GiB
postgres,16.98%,58.52MiB / 3.826GiB
chatbot-db-1,0.39%,79.91MiB / 3.826GiB
[Happ,67.08%,105.9MiB / 3.826GiB[K
redis,0.13%,8.812MiB / 3.826GiB[K
postgres,16.98%,58.52MiB / 3.826GiB[K
chatbot-db-1,0.39%,79.91MiB / 3.826GiB[K
[K
[J[Happ,56.66%,106.2MiB / 3.826GiB
redis,0.21%,8.812MiB / 3.826GiB
postgres,13.92%,58.88MiB / 3.826GiB
chatbot-db-1,0.00%,79.91MiB / 3.826GiB
[Happ,56.66%,106.2MiB / 3.826GiB[K
redis,0.21%,8.812MiB / 3.826GiB[K
postgres,13.92%,58.88MiB / 3.826GiB[K
chatbot-db-1,0.00%,79.91MiB / 3.826GiB[K
[K
[J[Happ,56.66%,106.2MiB / 3.826GiB
redis,0.21%,8.812MiB / 3.826GiB
postgres,13.92%,58.88MiB / 3.826GiB
chatbot-db-1,0.00%,79.91MiB / 3.826GiB
[Happ,56.66%,106.2MiB / 3.826GiB[K
redis,0.21%,8.812MiB / 3.826GiB[K
postgres,13.92%,58.88MiB / 3.826GiB[K
chatbot-db-1,0.00%,79.91MiB / 3.826GiB[K
[K
[J[Happ,53.96%,105.9MiB / 3.826GiB
redis,0.10%,8.812MiB / 3.826GiB
postgres,12.45%,58.99MiB / 3.826GiB
chatbot-db-1,0.05%,79.91MiB / 3.826GiB
[Happ,53.96%,105.9MiB / 3.826GiB[K
redis,0.10%,8.812MiB / 3.826GiB[K
postgres,12.45%,58.99MiB / 3.826GiB[K
chatbot-db-1,0.05%,79.91MiB / 3.826GiB[K
[K
[J[Happ,53.96%,105.9MiB / 3.826GiB
redis,0.10%,8.812MiB / 3.826GiB
postgres,12.45%,58.99MiB / 3.826GiB
chatbot-db-1,0.05%,79.91MiB / 3.826GiB
[Happ,53.96%,105.9MiB / 3.826GiB[K
redis,0.10%,8.812MiB / 3.826GiB[K
postgres,12.45%,58.99MiB / 3.826GiB[K
chatbot-db-1,0.05%,79.91MiB / 3.826GiB[K
[K
[J[Happ,52.80%,106.2MiB / 3.826GiB
redis,0.12%,8.812MiB / 3.826GiB
postgres,11.91%,58.77MiB / 3.826GiB
chatbot-db-1,0.00%,79.91MiB / 3.826GiB
[Happ,52.80%,106.2MiB / 3.826GiB[K
redis,0.12%,8.812MiB / 3.826GiB[K
postgres,11.91%,58.77MiB / 3.826GiB[K
chatbot-db-1,0.00%,79.91MiB / 3.826GiB[K
[K
[J[Happ,52.80%,106.2MiB / 3.826GiB
redis,0.12%,8.812MiB / 3.826GiB
postgres,11.91%,58.77MiB / 3.826GiB
chatbot-db-1,0.00%,79.91MiB / 3.826GiB
[Happ,52.80%,106.2MiB / 3.826GiB[K
redis,0.12%,8.812MiB / 3.826GiB[K
postgres,11.91%,58.77MiB / 3.826GiB[K
chatbot-db-1,0.00%,79.91MiB / 3.826GiB[K
[K
[J[Happ,72.02%,106MiB / 3.826GiB
redis,1.06%,8.812MiB / 3.826GiB
postgres,22.92%,58.8MiB / 3.826GiB
chatbot-db-1,0.00%,79.91MiB / 3.826GiB
[Happ,72.02%,106MiB / 3.826GiB[K
redis,1.06%,8.812MiB / 3.826GiB[K
postgres,22.92%,58.8MiB / 3.826GiB[K
chatbot-db-1,0.00%,79.91MiB / 3.826GiB[K
[K
[J[Happ,72.02%,106MiB / 3.826GiB
redis,1.06%,8.812MiB / 3.826GiB
postgres,22.92%,58.8MiB / 3.826GiB
chatbot-db-1,0.00%,79.91MiB / 3.826GiB
[Happ,72.02%,106MiB / 3.826GiB[K
redis,1.06%,8.812MiB / 3.826GiB[K
postgres,22.92%,58.8MiB / 3.826GiB[K
chatbot-db-1,0.00%,79.91MiB / 3.826GiB[K
[K
[J[Happ,65.61%,106MiB / 3.826GiB
redis,0.09%,8.812MiB / 3.826GiB
postgres,15.43%,58.83MiB / 3.826GiB
chatbot-db-1,0.00%,79.91MiB / 3.826GiB
[Happ,65.61%,106MiB / 3.826GiB[K
redis,0.09%,8.812MiB / 3.826GiB[K
postgres,15.43%,58.83MiB / 3.826GiB[K
chatbot-db-1,0.00%,79.91MiB / 3.826GiB[K
[K
[J[Happ,65.61%,106MiB / 3.826GiB
redis,0.09%,8.812MiB / 3.826GiB
postgres,15.43%,58.83MiB / 3.826GiB
chatbot-db-1,0.00%,79.91MiB / 3.826GiB
[Happ,65.61%,106MiB / 3.826GiB[K
redis,0.09%,8.812MiB / 3.826GiB[K
postgres,15.43%,58.83MiB / 3.826GiB[K
chatbot-db-1,0.00%,79.91MiB / 3.826GiB[K
[K
[J[Happ,82.17%,106.2MiB / 3.826GiB
redis,0.10%,8.812MiB / 3.826GiB
postgres,21.66%,69.89MiB / 3.826GiB
chatbot-db-1,0.00%,79.91MiB / 3.826GiB
[Happ,82.17%,106.2MiB / 3.826GiB[K
redis,0.10%,8.812MiB / 3.826GiB[K
postgres,21.66%,69.89MiB / 3.826GiB[K
chatbot-db-1,0.00%,79.91MiB / 3.826GiB[K
[K
[J[Happ,82.17%,106.2MiB / 3.826GiB
redis,0.10%,8.812MiB / 3.826GiB
postgres,21.66%,69.89MiB / 3.826GiB
chatbot-db-1,0.00%,79.91MiB / 3.826GiB
[Happ,82.17%,106.2MiB / 3.826GiB[K
redis,0.10%,8.812MiB / 3.826GiB[K
postgres,21.66%,69.89MiB / 3.826GiB[K
chatbot-db-1,0.00%,79.91MiB / 3.826GiB[K
[K
[J[Happ,110.98%,108.1MiB / 3.826GiB
redis,0.18%,8.812MiB / 3.826GiB
postgres,35.33%,75.77MiB / 3.826GiB
chatbot-db-1,52.01%,79.92MiB / 3.826GiB
[Happ,110.98%,108.1MiB / 3.826GiB[K
redis,0.18%,8.812MiB / 3.826GiB[K
postgres,35.33%,75.77MiB / 3.826GiB[K
chatbot-db-1,52.01%,79.92MiB / 3.826GiB[K
[K
[J[Happ,110.98%,108.1MiB / 3.826GiB
redis,0.18%,8.812MiB / 3.826GiB
postgres,35.33%,75.77MiB / 3.826GiB
chatbot-db-1,52.01%,79.92MiB / 3.826GiB
[Happ,110.98%,108.1MiB / 3.826GiB[K
redis,0.18%,8.812MiB / 3.826GiB[K
postgres,35.33%,75.77MiB / 3.826GiB[K
chatbot-db-1,52.01%,79.92MiB / 3.826GiB[K
[K
[J[Happ,93.47%,108.1MiB / 3.826GiB
redis,0.14%,8.812MiB / 3.826GiB
postgres,30.64%,74.57MiB / 3.826GiB
chatbot-db-1,0.00%,79.92MiB / 3.826GiB
[Happ,93.47%,108.1MiB / 3.826GiB[K
redis,0.14%,8.812MiB / 3.826GiB[K
postgres,30.64%,74.57MiB / 3.826GiB[K
chatbot-db-1,0.00%,79.92MiB / 3.826GiB[K
[K
[J[Happ,93.47%,108.1MiB / 3.826GiB
redis,0.14%,8.812MiB / 3.826GiB
postgres,30.64%,74.57MiB / 3.826GiB
chatbot-db-1,0.00%,79.92MiB / 3.826GiB
[Happ,93.47%,108.1MiB / 3.826GiB[K
redis,0.14%,8.812MiB / 3.826GiB[K
postgres,30.64%,74.57MiB / 3.826GiB[K
chatbot-db-1,0.00%,79.92MiB / 3.826GiB[K
[K
[J[Happ,103.36%,109.4MiB / 3.826GiB
redis,1.50%,8.812MiB / 3.826GiB
postgres,32.85%,76.17MiB / 3.826GiB
chatbot-db-1,0.00%,79.92MiB / 3.826GiB
[Happ,103.36%,109.4MiB / 3.826GiB[K
redis,1.50%,8.812MiB / 3.826GiB[K
postgres,32.85%,76.17MiB / 3.826GiB[K
chatbot-db-1,0.00%,79.92MiB / 3.826GiB[K
[K
[J[Happ,103.36%,109.4MiB / 3.826GiB
redis,1.50%,8.812MiB / 3.826GiB
postgres,32.85%,76.17MiB / 3.826GiB
chatbot-db-1,0.00%,79.92MiB / 3.826GiB
[Happ,103.36%,109.4MiB / 3.826GiB[K
redis,1.50%,8.812MiB / 3.826GiB[K
postgres,32.85%,76.17MiB / 3.826GiB[K
chatbot-db-1,0.00%,79.92MiB / 3.826GiB[K
[K
[J[Happ,100.03%,109.4MiB / 3.826GiB
redis,0.11%,8.812MiB / 3.826GiB
postgres,29.00%,58.22MiB / 3.826GiB
chatbot-db-1,8.53%,79.91MiB / 3.826GiB
[Happ,100.03%,109.4MiB / 3.826GiB[K
redis,0.11%,8.812MiB / 3.826GiB[K
postgres,29.00%,58.22MiB / 3.826GiB[K
chatbot-db-1,8.53%,79.91MiB / 3.826GiB[K
[K
[J[Happ,100.03%,109.4MiB / 3.826GiB
redis,0.11%,8.812MiB / 3.826GiB
postgres,29.00%,58.22MiB / 3.826GiB
chatbot-db-1,8.53%,79.91MiB / 3.826GiB
[Happ,100.03%,109.4MiB / 3.826GiB[K
redis,0.11%,8.812MiB / 3.826GiB[K
postgres,29.00%,58.22MiB / 3.826GiB[K
chatbot-db-1,8.53%,79.91MiB / 3.826GiB[K
[K
[J[Happ,103.02%,109.1MiB / 3.826GiB
redis,0.10%,8.812MiB / 3.826GiB
postgres,27.23%,58.02MiB / 3.826GiB
chatbot-db-1,0.00%,79.91MiB / 3.826GiB
[Happ,103.02%,109.1MiB / 3.826GiB[K
redis,0.10%,8.812MiB / 3.826GiB[K
postgres,27.23%,58.02MiB / 3.826GiB[K
chatbot-db-1,0.00%,79.91MiB / 3.826GiB[K
[K
[J[Happ,103.02%,109.1MiB / 3.826GiB
redis,0.10%,8.812MiB / 3.826GiB
postgres,27.23%,58.02MiB / 3.826GiB
chatbot-db-1,0.00%,79.91MiB / 3.826GiB
[Happ,103.02%,109.1MiB / 3.826GiB[K
redis,0.10%,8.812MiB / 3.826GiB[K
postgres,27.23%,58.02MiB / 3.826GiB[K
chatbot-db-1,0.00%,79.91MiB / 3.826GiB[K
[K
[J[Happ,102.45%,110.4MiB / 3.826GiB
redis,0.13%,8.812MiB / 3.826GiB
postgres,32.03%,75.72MiB / 3.826GiB
chatbot-db-1,0.04%,79.91MiB / 3.826GiB
[Happ,102.45%,110.4MiB / 3.826GiB[K
redis,0.13%,8.812MiB / 3.826GiB[K
postgres,32.03%,75.72MiB / 3.826GiB[K
chatbot-db-1,0.04%,79.91MiB / 3.826GiB[K
[K
[J[Happ,102.45%,110.4MiB / 3.826GiB
redis,0.13%,8.812MiB / 3.826GiB
postgres,32.03%,75.72MiB / 3.826GiB
chatbot-db-1,0.04%,79.91MiB / 3.826GiB
[Happ,102.45%,110.4MiB / 3.826GiB[K
redis,0.13%,8.812MiB / 3.826GiB[K
postgres,32.03%,75.72MiB / 3.826GiB[K
chatbot-db-1,0.04%,79.91MiB / 3.826GiB[K
[K
[J[Happ,104.55%,110.6MiB / 3.826GiB
redis,0.08%,8.812MiB / 3.826GiB
postgres,32.71%,58.03MiB / 3.826GiB
chatbot-db-1,0.00%,79.91MiB / 3.826GiB
[Happ,104.55%,110.6MiB / 3.826GiB[K
redis,0.08%,8.812MiB / 3.826GiB[K
postgres,32.71%,58.03MiB / 3.826GiB[K
chatbot-db-1,0.00%,79.91MiB / 3.826GiB[K
[K
[J[Happ,104.55%,110.6MiB / 3.826GiB
redis,0.08%,8.812MiB / 3.826GiB
postgres,32.71%,58.03MiB / 3.826GiB
chatbot-db-1,0.00%,79.91MiB / 3.826GiB
[Happ,104.55%,110.6MiB / 3.826GiB[K
redis,0.08%,8.812MiB / 3.826GiB[K
postgres,32.71%,58.03MiB / 3.826GiB[K
chatbot-db-1,0.00%,79.91MiB / 3.826GiB[K
[K
[J[Happ,104.96%,110.9MiB / 3.826GiB
redis,1.02%,8.812MiB / 3.826GiB
postgres,28.72%,68.98MiB / 3.826GiB
chatbot-db-1,0.00%,79.91MiB / 3.826GiB
[Happ,104.96%,110.9MiB / 3.826GiB[K
redis,1.02%,8.812MiB / 3.826GiB[K
postgres,28.72%,68.98MiB / 3.826GiB[K
chatbot-db-1,0.00%,79.91MiB / 3.826GiB[K
[K
[J[Happ,104.96%,110.9MiB / 3.826GiB
redis,1.02%,8.812MiB / 3.826GiB
postgres,28.72%,68.98MiB / 3.826GiB
chatbot-db-1,0.00%,79.91MiB / 3.826GiB
[Happ,104.96%,110.9MiB / 3.826GiB[K
redis,1.02%,8.812MiB / 3.826GiB[K
postgres,28.72%,68.98MiB / 3.826GiB[K
chatbot-db-1,0.00%,79.91MiB / 3.826GiB[K
[K
[J[Happ,106.19%,110.8MiB / 3.826GiB
redis,0.12%,8.812MiB / 3.826GiB
postgres,27.79%,75.53MiB / 3.826GiB
chatbot-db-1,0.00%,79.91MiB / 3.826GiB
[Happ,106.19%,110.8MiB / 3.826GiB[K
redis,0.12%,8.812MiB / 3.826GiB[K
postgres,27.79%,75.53MiB / 3.826GiB[K
chatbot-db-1,0.00%,79.91MiB / 3.826GiB[K
[K
[J[Happ,106.19%,110.8MiB / 3.826GiB
redis,0.12%,8.812MiB / 3.826GiB
postgres,27.79%,75.53MiB / 3.826GiB
chatbot-db-1,0.00%,79.91MiB / 3.826GiB
[Happ,106.19%,110.8MiB / 3.826GiB[K
redis,0.12%,8.812MiB / 3.826GiB[K
postgres,27.79%,75.53MiB / 3.826GiB[K
chatbot-db-1,0.00%,79.91MiB / 3.826GiB[K
[K
[J[Happ,103.14%,110.8MiB / 3.826GiB
redis,0.11%,8.812MiB / 3.826GiB
postgres,30.20%,58.16MiB / 3.826GiB
chatbot-db-1,0.00%,79.91MiB / 3.826GiB
[Happ,103.14%,110.8MiB / 3.826GiB[K
redis,0.11%,8.812MiB / 3.826GiB[K
postgres,30.20%,58.16MiB / 3.826GiB[K
chatbot-db-1,0.00%,79.91MiB / 3.826GiB[K
[K
[J[Happ,103.14%,110.8MiB / 3.826GiB
redis,0.11%,8.812MiB / 3.826GiB
postgres,30.20%,58.16MiB / 3.826GiB
chatbot-db-1,0.00%,79.91MiB / 3.826GiB
[Happ,103.14%,110.8MiB / 3.826GiB[K
redis,0.11%,8.812MiB / 3.826GiB[K
postgres,30.20%,58.16MiB / 3.826GiB[K
chatbot-db-1,0.00%,79.91MiB / 3.826GiB[K
[K
[J[Happ,107.08%,111.9MiB / 3.826GiB
redis,0.35%,8.812MiB / 3.826GiB
postgres,29.58%,76.14MiB / 3.826GiB
chatbot-db-1,40.63%,95.44MiB / 3.826GiB
[Happ,107.08%,111.9MiB / 3.826GiB[K
redis,0.35%,8.812MiB / 3.826GiB[K
postgres,29.58%,76.14MiB / 3.826GiB[K
chatbot-db-1,40.63%,95.44MiB / 3.826GiB[K
[K
[J[Happ,107.08%,111.9MiB / 3.826GiB
redis,0.35%,8.812MiB / 3.826GiB
postgres,29.58%,76.14MiB / 3.826GiB
chatbot-db-1,40.63%,95.44MiB / 3.826GiB
[Happ,107.08%,111.9MiB / 3.826GiB[K
redis,0.35%,8.812MiB / 3.826GiB[K
postgres,29.58%,76.14MiB / 3.826GiB[K
chatbot-db-1,40.63%,95.44MiB / 3.826GiB[K
[K
[J[Happ,107.08%,111.9MiB / 3.826GiB
redis,0.22%,8.812MiB / 3.826GiB
postgres,29.58%,76.14MiB / 3.826GiB
chatbot-db-1,40.63%,95.44MiB / 3.826GiB
[Happ,107.08%,111.9MiB / 3.826GiB[K
redis,0.22%,8.812MiB / 3.826GiB[K
postgres,29.58%,76.14MiB / 3.826GiB[K
chatbot-db-1,40.63%,95.44MiB / 3.826GiB[K
[K
[J[Happ,110.90%,112.4MiB / 3.826GiB
redis,0.22%,8.812MiB / 3.826GiB
postgres,40.30%,62.86MiB / 3.826GiB
chatbot-db-1,4.37%,79.91MiB / 3.826GiB
[Happ,110.90%,112.4MiB / 3.826GiB[K
redis,0.22%,8.812MiB / 3.826GiB[K
postgres,40.30%,62.86MiB / 3.826GiB[K
chatbot-db-1,4.37%,79.91MiB / 3.826GiB[K
[K
[J[Happ,110.90%,112.4MiB / 3.826GiB
redis,0.22%,8.812MiB / 3.826GiB
postgres,40.30%,62.86MiB / 3.826GiB
chatbot-db-1,4.37%,79.91MiB / 3.826GiB
[Happ,110.90%,112.4MiB / 3.826GiB[K
redis,0.22%,8.812MiB / 3.826GiB[K
postgres,40.30%,62.86MiB / 3.826GiB[K
chatbot-db-1,4.37%,79.91MiB / 3.826GiB[K
[K
[J[Happ,111.51%,112.7MiB / 3.826GiB
redis,4.15%,8.812MiB / 3.826GiB
postgres,41.42%,66.66MiB / 3.826GiB
chatbot-db-1,0.00%,79.91MiB / 3.826GiB
[Happ,111.51%,112.7MiB / 3.826GiB[K
redis,4.15%,8.812MiB / 3.826GiB[K
postgres,41.42%,66.66MiB / 3.826GiB[K
chatbot-db-1,0.00%,79.91MiB / 3.826GiB[K
[K
[J[Happ,111.51%,112.7MiB / 3.826GiB
redis,4.15%,8.812MiB / 3.826GiB
postgres,41.42%,66.66MiB / 3.826GiB
chatbot-db-1,0.00%,79.91MiB / 3.826GiB
[Happ,111.51%,112.7MiB / 3.826GiB[K
redis,4.15%,8.812MiB / 3.826GiB[K
postgres,41.42%,66.66MiB / 3.826GiB[K
chatbot-db-1,0.00%,79.91MiB / 3.826GiB[K
[K
[J[Happ,100.37%,112.5MiB / 3.826GiB
redis,0.17%,8.812MiB / 3.826GiB
postgres,26.78%,58.35MiB / 3.826GiB
chatbot-db-1,0.31%,79.91MiB / 3.826GiB
[Happ,100.37%,112.5MiB / 3.826GiB[K
redis,0.17%,8.812MiB / 3.826GiB[K
postgres,26.78%,58.35MiB / 3.826GiB[K
chatbot-db-1,0.31%,79.91MiB / 3.826GiB[K
[K
[J[Happ,100.37%,112.5MiB / 3.826GiB
redis,0.17%,8.812MiB / 3.826GiB
postgres,26.78%,58.35MiB / 3.826GiB
chatbot-db-1,0.31%,79.91MiB / 3.826GiB
[Happ,100.37%,112.5MiB / 3.826GiB[K
redis,0.17%,8.812MiB / 3.826GiB[K
postgres,26.78%,58.35MiB / 3.826GiB[K
chatbot-db-1,0.31%,79.91MiB / 3.826GiB[K
[K
[J[Happ,108.12%,112.2MiB / 3.826GiB
redis,0.12%,8.812MiB / 3.826GiB
postgres,29.43%,60.34MiB / 3.826GiB
chatbot-db-1,0.00%,79.91MiB / 3.826GiB
[Happ,108.12%,112.2MiB / 3.826GiB[K
redis,0.12%,8.812MiB / 3.826GiB[K
postgres,29.43%,60.34MiB / 3.826GiB[K
chatbot-db-1,0.00%,79.91MiB / 3.826GiB[K
[K
[J[Happ,108.12%,112.2MiB / 3.826GiB
redis,0.12%,8.812MiB / 3.826GiB
postgres,29.43%,60.34MiB / 3.826GiB
chatbot-db-1,0.00%,79.91MiB / 3.826GiB
[Happ,108.12%,112.2MiB / 3.826GiB[K
redis,0.12%,8.812MiB / 3.826GiB[K
postgres,29.43%,60.34MiB / 3.826GiB[K
chatbot-db-1,0.00%,79.91MiB / 3.826GiB[K
[K
[J[Happ,107.23%,112.1MiB / 3.826GiB
redis,0.30%,8.812MiB / 3.826GiB
postgres,44.34%,58.35MiB / 3.826GiB
chatbot-db-1,0.10%,79.91MiB / 3.826GiB
[Happ,107.23%,112.1MiB / 3.826GiB[K
redis,0.30%,8.812MiB / 3.826GiB[K
postgres,44.34%,58.35MiB / 3.826GiB[K
chatbot-db-1,0.10%,79.91MiB / 3.826GiB[K
[K
[J[Happ,107.23%,112.1MiB / 3.826GiB
redis,0.30%,8.812MiB / 3.826GiB
postgres,44.34%,58.35MiB / 3.826GiB
chatbot-db-1,0.10%,79.91MiB / 3.826GiB
[Happ,107.23%,112.1MiB / 3.826GiB[K
redis,0.30%,8.812MiB / 3.826GiB[K
postgres,44.34%,58.35MiB / 3.826GiB[K
chatbot-db-1,0.10%,79.91MiB / 3.826GiB[K
[K
[J[Happ,105.77%,112.6MiB / 3.826GiB
redis,0.17%,8.812MiB / 3.826GiB
postgres,31.02%,68.49MiB / 3.826GiB
chatbot-db-1,0.00%,79.91MiB / 3.826GiB
[Happ,105.77%,112.6MiB / 3.826GiB[K
redis,0.17%,8.812MiB / 3.826GiB[K
postgres,31.02%,68.49MiB / 3.826GiB[K
chatbot-db-1,0.00%,79.91MiB / 3.826GiB[K
[K
[J[Happ,105.77%,112.6MiB / 3.826GiB
redis,0.17%,8.812MiB / 3.826GiB
postgres,31.02%,68.49MiB / 3.826GiB
chatbot-db-1,0.00%,79.91MiB / 3.826GiB
[Happ,105.77%,112.6MiB / 3.826GiB[K
redis,0.17%,8.812MiB / 3.826GiB[K
postgres,31.02%,68.49MiB / 3.826GiB[K
chatbot-db-1,0.00%,79.91MiB / 3.826GiB[K
[K
[J[Happ,112.77%,112.1MiB / 3.826GiB
redis,1.18%,8.812MiB / 3.826GiB
postgres,41.94%,62.23MiB / 3.826GiB
chatbot-db-1,0.00%,79.91MiB / 3.826GiB
[Happ,112.77%,112.1MiB / 3.826GiB[K
redis,1.18%,8.812MiB / 3.826GiB[K
postgres,41.94%,62.23MiB / 3.826GiB[K
chatbot-db-1,0.00%,79.91MiB / 3.826GiB[K
[K
[J[Happ,112.77%,112.1MiB / 3.826GiB
redis,1.18%,8.812MiB / 3.826GiB
postgres,41.94%,62.23MiB / 3.826GiB
chatbot-db-1,0.00%,79.91MiB / 3.826GiB
[Happ,112.77%,112.1MiB / 3.826GiB[K
redis,1.18%,8.812MiB / 3.826GiB[K
postgres,41.94%,62.23MiB / 3.826GiB[K
chatbot-db-1,0.00%,79.91MiB / 3.826GiB[K
[K
[J[Happ,101.22%,112.2MiB / 3.826GiB
redis,0.17%,8.812MiB / 3.826GiB
postgres,27.69%,58.48MiB / 3.826GiB
chatbot-db-1,0.00%,79.91MiB / 3.826GiB
[Happ,101.22%,112.2MiB / 3.826GiB[K
redis,0.17%,8.812MiB / 3.826GiB[K
postgres,27.69%,58.48MiB / 3.826GiB[K
chatbot-db-1,0.00%,79.91MiB / 3.826GiB[K
[K
[J[Happ,101.22%,112.2MiB / 3.826GiB
redis,0.17%,8.812MiB / 3.826GiB
postgres,27.69%,58.48MiB / 3.826GiB
chatbot-db-1,0.00%,79.91MiB / 3.826GiB
[Happ,101.22%,112.2MiB / 3.826GiB[K
redis,0.17%,8.812MiB / 3.826GiB[K
postgres,27.69%,58.48MiB / 3.826GiB[K
chatbot-db-1,0.00%,79.91MiB / 3.826GiB[K
[K
[J[Happ,108.21%,112.2MiB / 3.826GiB
redis,0.12%,8.812MiB / 3.826GiB
postgres,30.34%,68.84MiB / 3.826GiB
chatbot-db-1,0.00%,79.91MiB / 3.826GiB
[Happ,108.21%,112.2MiB / 3.826GiB[K
redis,0.12%,8.812MiB / 3.826GiB[K
postgres,30.34%,68.84MiB / 3.826GiB[K
chatbot-db-1,0.00%,79.91MiB / 3.826GiB[K
[K
[J[Happ,108.21%,112.2MiB / 3.826GiB
redis,0.12%,8.812MiB / 3.826GiB
postgres,30.34%,68.84MiB / 3.826GiB
chatbot-db-1,0.00%,79.91MiB / 3.826GiB
[Happ,108.21%,112.2MiB / 3.826GiB[K
redis,0.12%,8.812MiB / 3.826GiB[K
postgres,30.34%,68.84MiB / 3.826GiB[K
chatbot-db-1,0.00%,79.91MiB / 3.826GiB[K
[K
[J[Happ,115.54%,112.4MiB / 3.826GiB
redis,0.20%,8.812MiB / 3.826GiB
postgres,33.66%,75.94MiB / 3.826GiB
chatbot-db-1,16.74%,92.97MiB / 3.826GiB
[Happ,115.54%,112.4MiB / 3.826GiB[K
redis,0.20%,8.812MiB / 3.826GiB[K
postgres,33.66%,75.94MiB / 3.826GiB[K
chatbot-db-1,16.74%,92.97MiB / 3.826GiB[K
[K
[J[Happ,115.54%,112.4MiB / 3.826GiB
redis,0.20%,8.812MiB / 3.826GiB
postgres,33.66%,75.94MiB / 3.826GiB
chatbot-db-1,16.74%,92.97MiB / 3.826GiB
[Happ,115.54%,112.4MiB / 3.826GiB[K
redis,0.20%,8.812MiB / 3.826GiB[K
postgres,33.66%,75.94MiB / 3.826GiB[K
chatbot-db-1,16.74%,92.97MiB / 3.826GiB[K
[K
[J[Happ,113.04%,112.2MiB / 3.826GiB
redis,0.17%,8.812MiB / 3.826GiB
postgres,36.32%,75.68MiB / 3.826GiB
chatbot-db-1,34.73%,79.92MiB / 3.826GiB
[Happ,113.04%,112.2MiB / 3.826GiB[K
redis,0.17%,8.812MiB / 3.826GiB[K
postgres,36.32%,75.68MiB / 3.826GiB[K
chatbot-db-1,34.73%,79.92MiB / 3.826GiB[K
[K
[J[Happ,113.04%,112.2MiB / 3.826GiB
redis,0.17%,8.812MiB / 3.826GiB
postgres,36.32%,75.68MiB / 3.826GiB
chatbot-db-1,34.73%,79.92MiB / 3.826GiB
[Happ,113.04%,112.2MiB / 3.826GiB[K
redis,0.17%,8.812MiB / 3.826GiB[K
postgres,36.32%,75.68MiB / 3.826GiB[K
chatbot-db-1,34.73%,79.92MiB / 3.826GiB[K
[K
[J[Happ,109.16%,112.4MiB / 3.826GiB
redis,5.21%,8.812MiB / 3.826GiB
postgres,46.99%,76.27MiB / 3.826GiB
chatbot-db-1,0.00%,79.92MiB / 3.826GiB
[Happ,109.16%,112.4MiB / 3.826GiB[K
redis,5.21%,8.812MiB / 3.826GiB[K
postgres,46.99%,76.27MiB / 3.826GiB[K
chatbot-db-1,0.00%,79.92MiB / 3.826GiB[K
[K
[J[Happ,109.16%,112.4MiB / 3.826GiB
redis,5.21%,8.812MiB / 3.826GiB
postgres,46.99%,76.27MiB / 3.826GiB
chatbot-db-1,0.00%,79.92MiB / 3.826GiB
[Happ,109.16%,112.4MiB / 3.826GiB[K
redis,5.21%,8.812MiB / 3.826GiB[K
postgres,46.99%,76.27MiB / 3.826GiB[K
chatbot-db-1,0.00%,79.92MiB / 3.826GiB[K
[K
[J[Happ,104.90%,112.3MiB / 3.826GiB
redis,0.11%,8.812MiB / 3.826GiB
postgres,30.18%,58.42MiB / 3.826GiB
chatbot-db-1,0.28%,79.91MiB / 3.826GiB
[Happ,104.90%,112.3MiB / 3.826GiB[K
redis,0.11%,8.812MiB / 3.826GiB[K
postgres,30.18%,58.42MiB / 3.826GiB[K
chatbot-db-1,0.28%,79.91MiB / 3.826GiB[K
[K
[J[Happ,104.90%,112.3MiB / 3.826GiB
redis,0.11%,8.812MiB / 3.826GiB
postgres,30.18%,58.42MiB / 3.826GiB
chatbot-db-1,0.28%,79.91MiB / 3.826GiB
[Happ,104.90%,112.3MiB / 3.826GiB[K
redis,0.11%,8.812MiB / 3.826GiB[K
postgres,30.18%,58.42MiB / 3.826GiB[K
chatbot-db-1,0.28%,79.91MiB / 3.826GiB[K
[K
[J[Happ,99.88%,112.4MiB / 3.826GiB
redis,0.13%,8.812MiB / 3.826GiB
postgres,23.47%,74.22MiB / 3.826GiB
chatbot-db-1,0.00%,79.91MiB / 3.826GiB
[Happ,99.88%,112.4MiB / 3.826GiB[K
redis,0.13%,8.812MiB / 3.826GiB[K
postgres,23.47%,74.22MiB / 3.826GiB[K
chatbot-db-1,0.00%,79.91MiB / 3.826GiB[K
[K
[J[Happ,99.88%,112.4MiB / 3.826GiB
redis,0.13%,8.812MiB / 3.826GiB
postgres,23.47%,74.22MiB / 3.826GiB
chatbot-db-1,0.00%,79.91MiB / 3.826GiB
[Happ,99.88%,112.4MiB / 3.826GiB[K
redis,0.13%,8.812MiB / 3.826GiB[K
postgres,23.47%,74.22MiB / 3.826GiB[K
chatbot-db-1,0.00%,79.91MiB / 3.826GiB[K
[K
[J[Happ,106.15%,112.1MiB / 3.826GiB
redis,0.11%,8.812MiB / 3.826GiB
postgres,31.70%,76.08MiB / 3.826GiB
chatbot-db-1,0.05%,79.91MiB / 3.826GiB
[Happ,106.15%,112.1MiB / 3.826GiB[K
redis,0.11%,8.812MiB / 3.826GiB[K
postgres,31.70%,76.08MiB / 3.826GiB[K
chatbot-db-1,0.05%,79.91MiB / 3.826GiB[K
[K
[J[Happ,106.15%,112.1MiB / 3.826GiB
redis,0.11%,8.812MiB / 3.826GiB
postgres,31.70%,76.08MiB / 3.826GiB
chatbot-db-1,0.05%,79.91MiB / 3.826GiB
[Happ,106.15%,112.1MiB / 3.826GiB[K
redis,0.11%,8.812MiB / 3.826GiB[K
postgres,31.70%,76.08MiB / 3.826GiB[K
chatbot-db-1,0.05%,79.91MiB / 3.826GiB[K
[K
[J[Happ,107.52%,112.1MiB / 3.826GiB
redis,0.09%,8.812MiB / 3.826GiB
postgres,33.04%,58.08MiB / 3.826GiB
chatbot-db-1,0.00%,79.91MiB / 3.826GiB
[Happ,107.52%,112.1MiB / 3.826GiB[K
redis,0.09%,8.812MiB / 3.826GiB[K
postgres,33.04%,58.08MiB / 3.826GiB[K
chatbot-db-1,0.00%,79.91MiB / 3.826GiB[K
[K
[J[Happ,107.52%,112.1MiB / 3.826GiB
redis,0.09%,8.812MiB / 3.826GiB
postgres,33.04%,58.08MiB / 3.826GiB
chatbot-db-1,0.00%,79.91MiB / 3.826GiB
[Happ,107.52%,112.1MiB / 3.826GiB[K
redis,0.09%,8.812MiB / 3.826GiB[K
postgres,33.04%,58.08MiB / 3.826GiB[K
chatbot-db-1,0.00%,79.91MiB / 3.826GiB[K
[K
[J[Happ,117.03%,112.9MiB / 3.826GiB
redis,2.20%,8.812MiB / 3.826GiB
postgres,38.76%,58.3MiB / 3.826GiB
chatbot-db-1,0.00%,79.91MiB / 3.826GiB
[Happ,117.03%,112.9MiB / 3.826GiB[K
redis,2.20%,8.812MiB / 3.826GiB[K
postgres,38.76%,58.3MiB / 3.826GiB[K
chatbot-db-1,0.00%,79.91MiB / 3.826GiB[K
[K
[J[Happ,117.03%,112.9MiB / 3.826GiB
redis,2.20%,8.812MiB / 3.826GiB
postgres,38.76%,58.3MiB / 3.826GiB
chatbot-db-1,0.00%,79.91MiB / 3.826GiB
[Happ,117.03%,112.9MiB / 3.826GiB[K
redis,2.20%,8.812MiB / 3.826GiB[K
postgres,38.76%,58.3MiB / 3.826GiB[K
chatbot-db-1,0.00%,79.91MiB / 3.826GiB[K
[K
[J[Happ,115.62%,115.9MiB / 3.826GiB
redis,0.29%,8.812MiB / 3.826GiB
postgres,39.27%,76.43MiB / 3.826GiB
chatbot-db-1,0.00%,79.91MiB / 3.826GiB
[Happ,115.62%,115.9MiB / 3.826GiB[K
redis,0.29%,8.812MiB / 3.826GiB[K
postgres,39.27%,76.43MiB / 3.826GiB[K
chatbot-db-1,0.00%,79.91MiB / 3.826GiB[K
[K
[J[Happ,115.62%,115.9MiB / 3.826GiB
redis,0.29%,8.812MiB / 3.826GiB
postgres,39.27%,76.43MiB / 3.826GiB
chatbot-db-1,0.00%,79.91MiB / 3.826GiB
[Happ,115.62%,115.9MiB / 3.826GiB[K
redis,0.29%,8.812MiB / 3.826GiB[K
postgres,39.27%,76.43MiB / 3.826GiB[K
chatbot-db-1,0.00%,79.91MiB / 3.826GiB[K
[K
[J[Happ,118.96%,115.6MiB / 3.826GiB
redis,0.24%,8.812MiB / 3.826GiB
postgres,36.98%,76.67MiB / 3.826GiB
chatbot-db-1,0.17%,79.91MiB / 3.826GiB
[Happ,118.96%,115.6MiB / 3.826GiB[K
redis,0.24%,8.812MiB / 3.826GiB[K
postgres,36.98%,76.67MiB / 3.826GiB[K
chatbot-db-1,0.17%,79.91MiB / 3.826GiB[K
[K
[J[Happ,118.96%,115.6MiB / 3.826GiB
redis,0.24%,8.812MiB / 3.826GiB
postgres,36.98%,76.67MiB / 3.826GiB
chatbot-db-1,0.17%,79.91MiB / 3.826GiB
[Happ,118.96%,115.6MiB / 3.826GiB[K
redis,0.24%,8.812MiB / 3.826GiB[K
postgres,36.98%,76.67MiB / 3.826GiB[K
chatbot-db-1,0.17%,79.91MiB / 3.826GiB[K
[K
[J[Happ,118.96%,115.6MiB / 3.826GiB
redis,0.24%,8.812MiB / 3.826GiB
postgres,38.08%,77.89MiB / 3.826GiB
chatbot-db-1,0.17%,79.91MiB / 3.826GiB
[Happ,118.96%,115.6MiB / 3.826GiB[K
redis,0.24%,8.812MiB / 3.826GiB[K
postgres,38.08%,77.89MiB / 3.826GiB[K
chatbot-db-1,0.17%,79.91MiB / 3.826GiB[K
[K
[J[Happ,117.19%,115.9MiB / 3.826GiB
redis,0.15%,8.812MiB / 3.826GiB
postgres,38.08%,77.89MiB / 3.826GiB
chatbot-db-1,0.00%,79.91MiB / 3.826GiB
[Happ,117.19%,115.9MiB / 3.826GiB[K
redis,0.15%,8.812MiB / 3.826GiB[K
postgres,38.08%,77.89MiB / 3.826GiB[K
chatbot-db-1,0.00%,79.91MiB / 3.826GiB[K
[K
[J[Happ,117.19%,115.9MiB / 3.826GiB
redis,0.15%,8.812MiB / 3.826GiB
postgres,38.08%,77.89MiB / 3.826GiB
chatbot-db-1,0.00%,79.91MiB / 3.826GiB
[Happ,117.19%,115.9MiB / 3.826GiB[K
redis,0.15%,8.812MiB / 3.826GiB[K
postgres,38.08%,77.89MiB / 3.826GiB[K
chatbot-db-1,0.00%,79.91MiB / 3.826GiB[K
[K
[J[Happ,120.55%,117.8MiB / 3.826GiB
redis,2.17%,8.812MiB / 3.826GiB
postgres,37.39%,77.36MiB / 3.826GiB
chatbot-db-1,57.73%,79.91MiB / 3.826GiB
[Happ,120.55%,117.8MiB / 3.826GiB[K
redis,2.17%,8.812MiB / 3.826GiB[K
postgres,37.39%,77.36MiB / 3.826GiB[K
chatbot-db-1,57.73%,79.91MiB / 3.826GiB[K
[K
[J[Happ,120.55%,117.8MiB / 3.826GiB
redis,2.17%,8.812MiB / 3.826GiB
postgres,37.39%,77.36MiB / 3.826GiB
chatbot-db-1,57.73%,79.91MiB / 3.826GiB
[Happ,120.55%,117.8MiB / 3.826GiB[K
redis,2.17%,8.812MiB / 3.826GiB[K
postgres,37.39%,77.36MiB / 3.826GiB[K
chatbot-db-1,57.73%,79.91MiB / 3.826GiB[K
[K
[J[Happ,116.61%,121.6MiB / 3.826GiB
redis,2.16%,8.812MiB / 3.826GiB
postgres,32.56%,77.82MiB / 3.826GiB
chatbot-db-1,0.12%,79.91MiB / 3.826GiB
[Happ,116.61%,121.6MiB / 3.826GiB[K
redis,2.16%,8.812MiB / 3.826GiB[K
postgres,32.56%,77.82MiB / 3.826GiB[K
chatbot-db-1,0.12%,79.91MiB / 3.826GiB[K
[K
[J[Happ,116.61%,121.6MiB / 3.826GiB
redis,2.16%,8.812MiB / 3.826GiB
postgres,32.56%,77.82MiB / 3.826GiB
chatbot-db-1,0.12%,79.91MiB / 3.826GiB
[Happ,116.61%,121.6MiB / 3.826GiB[K
redis,2.16%,8.812MiB / 3.826GiB[K
postgres,32.56%,77.82MiB / 3.826GiB[K
chatbot-db-1,0.12%,79.91MiB / 3.826GiB[K
[K
[J[Happ,120.32%,121.9MiB / 3.826GiB
redis,0.25%,8.812MiB / 3.826GiB
postgres,40.07%,77.4MiB / 3.826GiB
chatbot-db-1,0.01%,79.91MiB / 3.826GiB
[Happ,120.32%,121.9MiB / 3.826GiB[K
redis,0.25%,8.812MiB / 3.826GiB[K
postgres,40.07%,77.4MiB / 3.826GiB[K
chatbot-db-1,0.01%,79.91MiB / 3.826GiB[K
[K
[J[Happ,120.32%,121.9MiB / 3.826GiB
redis,0.25%,8.812MiB / 3.826GiB
postgres,40.07%,77.4MiB / 3.826GiB
chatbot-db-1,0.01%,79.91MiB / 3.826GiB
[Happ,120.32%,121.9MiB / 3.826GiB[K
redis,0.25%,8.812MiB / 3.826GiB[K
postgres,40.07%,77.4MiB / 3.826GiB[K
chatbot-db-1,0.01%,79.91MiB / 3.826GiB[K
[K
[J[Happ,118.71%,121.8MiB / 3.826GiB
redis,0.26%,8.812MiB / 3.826GiB
postgres,32.56%,77.98MiB / 3.826GiB
chatbot-db-1,0.16%,79.91MiB / 3.826GiB
[Happ,118.71%,121.8MiB / 3.826GiB[K
redis,0.26%,8.812MiB / 3.826GiB[K
postgres,32.56%,77.98MiB / 3.826GiB[K
chatbot-db-1,0.16%,79.91MiB / 3.826GiB[K
[K
[J[Happ,118.71%,121.8MiB / 3.826GiB
redis,0.26%,8.812MiB / 3.826GiB
postgres,32.56%,77.98MiB / 3.826GiB
chatbot-db-1,0.16%,79.91MiB / 3.826GiB
[Happ,118.71%,121.8MiB / 3.826GiB[K
redis,0.26%,8.812MiB / 3.826GiB[K
postgres,32.56%,77.98MiB / 3.826GiB[K
chatbot-db-1,0.16%,79.91MiB / 3.826GiB[K
[K
[J[Happ,117.30%,122.1MiB / 3.826GiB
redis,0.24%,8.812MiB / 3.826GiB
postgres,31.12%,77.75MiB / 3.826GiB
chatbot-db-1,0.00%,79.91MiB / 3.826GiB
[Happ,117.30%,122.1MiB / 3.826GiB[K
redis,0.24%,8.812MiB / 3.826GiB[K
postgres,31.12%,77.75MiB / 3.826GiB[K
chatbot-db-1,0.00%,79.91MiB / 3.826GiB[K
[K
[J[Happ,117.30%,122.1MiB / 3.826GiB
redis,0.24%,8.812MiB / 3.826GiB
postgres,31.12%,77.75MiB / 3.826GiB
chatbot-db-1,0.00%,79.91MiB / 3.826GiB
[Happ,117.30%,122.1MiB / 3.826GiB[K
redis,0.24%,8.812MiB / 3.826GiB[K
postgres,31.12%,77.75MiB / 3.826GiB[K
chatbot-db-1,0.00%,79.91MiB / 3.826GiB[K
[K
[J[Happ,118.55%,122.4MiB / 3.826GiB
redis,1.52%,8.812MiB / 3.826GiB
postgres,40.96%,77.52MiB / 3.826GiB
chatbot-db-1,0.00%,79.91MiB / 3.826GiB
[Happ,118.55%,122.4MiB / 3.826GiB[K
redis,1.52%,8.812MiB / 3.826GiB[K
postgres,40.96%,77.52MiB / 3.826GiB[K
chatbot-db-1,0.00%,79.91MiB / 3.826GiB[K
[K
[J[Happ,118.55%,122.4MiB / 3.826GiB
redis,1.52%,8.812MiB / 3.826GiB
postgres,40.96%,77.52MiB / 3.826GiB
chatbot-db-1,0.00%,79.91MiB / 3.826GiB
[Happ,118.55%,122.4MiB / 3.826GiB[K
redis,1.52%,8.812MiB / 3.826GiB[K
postgres,40.96%,77.52MiB / 3.826GiB[K
chatbot-db-1,0.00%,79.91MiB / 3.826GiB[K
[K
[J[Happ,118.63%,122.3MiB / 3.826GiB
redis,0.13%,8.812MiB / 3.826GiB
postgres,34.53%,77.56MiB / 3.826GiB
chatbot-db-1,0.00%,79.91MiB / 3.826GiB
[Happ,118.63%,122.3MiB / 3.826GiB[K
redis,0.13%,8.812MiB / 3.826GiB[K
postgres,34.53%,77.56MiB / 3.826GiB[K
chatbot-db-1,0.00%,79.91MiB / 3.826GiB[K
[K
[J[Happ,118.63%,122.3MiB / 3.826GiB
redis,0.13%,8.812MiB / 3.826GiB
postgres,34.53%,77.56MiB / 3.826GiB
chatbot-db-1,0.00%,79.91MiB / 3.826GiB
[Happ,118.63%,122.3MiB / 3.826GiB[K
redis,0.13%,8.812MiB / 3.826GiB[K
postgres,34.53%,77.56MiB / 3.826GiB[K
chatbot-db-1,0.00%,79.91MiB / 3.826GiB[K
[K
[J[Happ,118.45%,122.2MiB / 3.826GiB
redis,0.15%,8.812MiB / 3.826GiB
postgres,32.17%,77.82MiB / 3.826GiB
chatbot-db-1,0.00%,79.91MiB / 3.826GiB
[Happ,118.45%,122.2MiB / 3.826GiB[K
redis,0.15%,8.812MiB / 3.826GiB[K
postgres,32.17%,77.82MiB / 3.826GiB[K
chatbot-db-1,0.00%,79.91MiB / 3.826GiB[K
[K
[J[Happ,118.45%,122.2MiB / 3.826GiB
redis,0.15%,8.812MiB / 3.826GiB
postgres,32.17%,77.82MiB / 3.826GiB
chatbot-db-1,0.00%,79.91MiB / 3.826GiB
[Happ,118.45%,122.2MiB / 3.826GiB[K
redis,0.15%,8.812MiB / 3.826GiB[K
postgres,32.17%,77.82MiB / 3.826GiB[K
chatbot-db-1,0.00%,79.91MiB / 3.826GiB[K
[K
[J[Happ,119.58%,122.3MiB / 3.826GiB
redis,0.23%,8.812MiB / 3.826GiB
postgres,33.42%,77.83MiB / 3.826GiB
chatbot-db-1,0.08%,79.91MiB / 3.826GiB
[Happ,119.58%,122.3MiB / 3.826GiB[K
redis,0.23%,8.812MiB / 3.826GiB[K
postgres,33.42%,77.83MiB / 3.826GiB[K
chatbot-db-1,0.08%,79.91MiB / 3.826GiB[K
[K
[J[Happ,119.58%,122.3MiB / 3.826GiB
redis,0.23%,8.812MiB / 3.826GiB
postgres,33.42%,77.83MiB / 3.826GiB
chatbot-db-1,0.08%,79.91MiB / 3.826GiB
[Happ,119.58%,122.3MiB / 3.826GiB[K
redis,0.23%,8.812MiB / 3.826GiB[K
postgres,33.42%,77.83MiB / 3.826GiB[K
chatbot-db-1,0.08%,79.91MiB / 3.826GiB[K
[K
[J[Happ,117.80%,122.6MiB / 3.826GiB
redis,0.68%,8.812MiB / 3.826GiB
postgres,32.55%,77.55MiB / 3.826GiB
chatbot-db-1,0.00%,79.91MiB / 3.826GiB
[Happ,117.80%,122.6MiB / 3.826GiB[K
redis,0.68%,8.812MiB / 3.826GiB[K
postgres,32.55%,77.55MiB / 3.826GiB[K
chatbot-db-1,0.00%,79.91MiB / 3.826GiB[K
[K
[J[Happ,117.80%,122.6MiB / 3.826GiB
redis,0.68%,8.812MiB / 3.826GiB
postgres,32.55%,77.55MiB / 3.826GiB
chatbot-db-1,0.00%,79.91MiB / 3.826GiB
[Happ,117.80%,122.6MiB / 3.826GiB[K
redis,0.68%,8.812MiB / 3.826GiB[K
postgres,32.55%,77.55MiB / 3.826GiB[K
chatbot-db-1,0.00%,79.91MiB / 3.826GiB[K
[K
[J[Happ,119.74%,123.1MiB / 3.826GiB
redis,1.79%,8.812MiB / 3.826GiB
postgres,43.84%,78.09MiB / 3.826GiB
chatbot-db-1,68.03%,80.12MiB / 3.826GiB
[Happ,119.74%,123.1MiB / 3.826GiB[K
redis,1.79%,8.812MiB / 3.826GiB[K
postgres,43.84%,78.09MiB / 3.826GiB[K
chatbot-db-1,68.03%,80.12MiB / 3.826GiB[K
[K
[J[Happ,119.74%,123.1MiB / 3.826GiB
redis,1.79%,8.812MiB / 3.826GiB
postgres,43.84%,78.09MiB / 3.826GiB
chatbot-db-1,68.03%,80.12MiB / 3.826GiB
[Happ,119.74%,123.1MiB / 3.826GiB[K
redis,1.79%,8.812MiB / 3.826GiB[K
postgres,43.84%,78.09MiB / 3.826GiB[K
chatbot-db-1,68.03%,80.12MiB / 3.826GiB[K
[K
[J[Happ,116.55%,123.5MiB / 3.826GiB
redis,0.43%,8.812MiB / 3.826GiB
postgres,33.48%,77.66MiB / 3.826GiB
chatbot-db-1,0.15%,79.91MiB / 3.826GiB
[Happ,116.55%,123.5MiB / 3.826GiB[K
redis,0.43%,8.812MiB / 3.826GiB[K
postgres,33.48%,77.66MiB / 3.826GiB[K
chatbot-db-1,0.15%,79.91MiB / 3.826GiB[K
[K
[J[Happ,116.55%,123.5MiB / 3.826GiB
redis,0.43%,8.812MiB / 3.826GiB
postgres,33.48%,77.66MiB / 3.826GiB
chatbot-db-1,0.15%,79.91MiB / 3.826GiB
[Happ,116.55%,123.5MiB / 3.826GiB[K
redis,0.43%,8.812MiB / 3.826GiB[K
postgres,33.48%,77.66MiB / 3.826GiB[K
chatbot-db-1,0.15%,79.91MiB / 3.826GiB[K
[K
[J[Happ,117.85%,123.4MiB / 3.826GiB
redis,0.14%,8.812MiB / 3.826GiB
postgres,31.82%,77.64MiB / 3.826GiB
chatbot-db-1,0.01%,79.91MiB / 3.826GiB
[Happ,117.85%,123.4MiB / 3.826GiB[K
redis,0.14%,8.812MiB / 3.826GiB[K
postgres,31.82%,77.64MiB / 3.826GiB[K
chatbot-db-1,0.01%,79.91MiB / 3.826GiB[K
[K
[J[Happ,117.85%,123.4MiB / 3.826GiB
redis,0.14%,8.812MiB / 3.826GiB
postgres,31.82%,77.64MiB / 3.826GiB
chatbot-db-1,0.01%,79.91MiB / 3.826GiB
[Happ,117.85%,123.4MiB / 3.826GiB[K
redis,0.14%,8.812MiB / 3.826GiB[K
postgres,31.82%,77.64MiB / 3.826GiB[K
chatbot-db-1,0.01%,79.91MiB / 3.826GiB[K
[K
[J[Happ,119.07%,123.4MiB / 3.826GiB
redis,0.17%,8.812MiB / 3.826GiB
postgres,34.46%,77.67MiB / 3.826GiB
chatbot-db-1,0.06%,79.91MiB / 3.826GiB
[Happ,119.07%,123.4MiB / 3.826GiB[K
redis,0.17%,8.812MiB / 3.826GiB[K
postgres,34.46%,77.67MiB / 3.826GiB[K
chatbot-db-1,0.06%,79.91MiB / 3.826GiB[K
[K
[J[Happ,119.07%,123.4MiB / 3.826GiB
redis,0.17%,8.812MiB / 3.826GiB
postgres,34.46%,77.67MiB / 3.826GiB
chatbot-db-1,0.06%,79.91MiB / 3.826GiB
[Happ,119.07%,123.4MiB / 3.826GiB[K
redis,0.17%,8.812MiB / 3.826GiB[K
postgres,34.46%,77.67MiB / 3.826GiB[K
chatbot-db-1,0.06%,79.91MiB / 3.826GiB[K
[K
[J[Happ,120.77%,123.8MiB / 3.826GiB
redis,0.36%,8.812MiB / 3.826GiB
postgres,36.95%,77.91MiB / 3.826GiB
chatbot-db-1,0.00%,79.91MiB / 3.826GiB
[Happ,120.77%,123.8MiB / 3.826GiB[K
redis,0.36%,8.812MiB / 3.826GiB[K
postgres,36.95%,77.91MiB / 3.826GiB[K
chatbot-db-1,0.00%,79.91MiB / 3.826GiB[K
[K
[J[Happ,120.77%,123.8MiB / 3.826GiB
redis,0.36%,8.812MiB / 3.826GiB
postgres,36.95%,77.91MiB / 3.826GiB
chatbot-db-1,0.00%,79.91MiB / 3.826GiB
[Happ,120.77%,123.8MiB / 3.826GiB[K
redis,0.36%,8.812MiB / 3.826GiB[K
postgres,36.95%,77.91MiB / 3.826GiB[K
chatbot-db-1,0.00%,79.91MiB / 3.826GiB[K
[K
[J[Happ,117.77%,123.4MiB / 3.826GiB
redis,1.89%,8.812MiB / 3.826GiB
postgres,38.34%,77.65MiB / 3.826GiB
chatbot-db-1,0.00%,79.91MiB / 3.826GiB
[Happ,117.77%,123.4MiB / 3.826GiB[K
redis,1.89%,8.812MiB / 3.826GiB[K
postgres,38.34%,77.65MiB / 3.826GiB[K
chatbot-db-1,0.00%,79.91MiB / 3.826GiB[K
[K
[J[Happ,117.77%,123.4MiB / 3.826GiB
redis,1.89%,8.812MiB / 3.826GiB
postgres,38.34%,77.65MiB / 3.826GiB
chatbot-db-1,0.00%,79.91MiB / 3.826GiB
[Happ,117.77%,123.4MiB / 3.826GiB[K
redis,1.89%,8.812MiB / 3.826GiB[K
postgres,38.34%,77.65MiB / 3.826GiB[K
chatbot-db-1,0.00%,79.91MiB / 3.826GiB[K
[K
[J[Happ,118.43%,123.5MiB / 3.826GiB
redis,0.24%,8.812MiB / 3.826GiB
postgres,35.52%,77.74MiB / 3.826GiB
chatbot-db-1,0.00%,79.91MiB / 3.826GiB
[Happ,118.43%,123.5MiB / 3.826GiB[K
redis,0.24%,8.812MiB / 3.826GiB[K
postgres,35.52%,77.74MiB / 3.826GiB[K
chatbot-db-1,0.00%,79.91MiB / 3.826GiB[K
[K
[J[Happ,118.43%,123.5MiB / 3.826GiB
redis,0.24%,8.812MiB / 3.826GiB
postgres,35.52%,77.74MiB / 3.826GiB
chatbot-db-1,0.00%,79.91MiB / 3.826GiB
[Happ,118.43%,123.5MiB / 3.826GiB[K
redis,0.24%,8.812MiB / 3.826GiB[K
postgres,35.52%,77.74MiB / 3.826GiB[K
chatbot-db-1,0.00%,79.91MiB / 3.826GiB[K
[K
[J[Happ,117.77%,123.4MiB / 3.826GiB
redis,0.17%,8.812MiB / 3.826GiB
postgres,33.34%,77.99MiB / 3.826GiB
chatbot-db-1,0.00%,79.91MiB / 3.826GiB
[Happ,117.77%,123.4MiB / 3.826GiB[K
redis,0.17%,8.812MiB / 3.826GiB[K
postgres,33.34%,77.99MiB / 3.826GiB[K
chatbot-db-1,0.00%,79.91MiB / 3.826GiB[K
[K
[J[Happ,117.77%,123.4MiB / 3.826GiB
redis,0.17%,8.812MiB / 3.826GiB
postgres,33.34%,77.99MiB / 3.826GiB
chatbot-db-1,0.00%,79.91MiB / 3.826GiB
[Happ,117.77%,123.4MiB / 3.826GiB[K
redis,0.17%,8.812MiB / 3.826GiB[K
postgres,33.34%,77.99MiB / 3.826GiB[K
chatbot-db-1,0.00%,79.91MiB / 3.826GiB[K
[K
[J[Happ,122.51%,125.9MiB / 3.826GiB
redis,2.56%,8.812MiB / 3.826GiB
postgres,49.87%,77.75MiB / 3.826GiB
chatbot-db-1,4.10%,79.91MiB / 3.826GiB
[Happ,122.51%,125.9MiB / 3.826GiB[K
redis,2.56%,8.812MiB / 3.826GiB[K
postgres,49.87%,77.75MiB / 3.826GiB[K
chatbot-db-1,4.10%,79.91MiB / 3.826GiB[K
[K
[J[Happ,122.51%,125.9MiB / 3.826GiB
redis,2.56%,8.812MiB / 3.826GiB
postgres,49.87%,77.75MiB / 3.826GiB
chatbot-db-1,4.10%,79.91MiB / 3.826GiB
[Happ,122.51%,125.9MiB / 3.826GiB[K
redis,2.56%,8.812MiB / 3.826GiB[K
postgres,49.87%,77.75MiB / 3.826GiB[K
chatbot-db-1,4.10%,79.91MiB / 3.826GiB[K
[K
[J[Happ,122.51%,125.9MiB / 3.826GiB
redis,0.55%,8.812MiB / 3.826GiB
postgres,42.54%,77.8MiB / 3.826GiB
chatbot-db-1,4.10%,79.91MiB / 3.826GiB
[Happ,122.51%,125.9MiB / 3.826GiB[K
redis,0.55%,8.812MiB / 3.826GiB[K
postgres,42.54%,77.8MiB / 3.826GiB[K
chatbot-db-1,4.10%,79.91MiB / 3.826GiB[K
[K
[J[Happ,120.13%,125.7MiB / 3.826GiB
redis,0.55%,8.812MiB / 3.826GiB
postgres,42.54%,77.8MiB / 3.826GiB
chatbot-db-1,0.00%,79.91MiB / 3.826GiB
[Happ,120.13%,125.7MiB / 3.826GiB[K
redis,0.55%,8.812MiB / 3.826GiB[K
postgres,42.54%,77.8MiB / 3.826GiB[K
chatbot-db-1,0.00%,79.91MiB / 3.826GiB[K
[K
[J[Happ,120.13%,125.7MiB / 3.826GiB
redis,0.55%,8.812MiB / 3.826GiB
postgres,42.54%,77.8MiB / 3.826GiB
chatbot-db-1,0.00%,79.91MiB / 3.826GiB
[Happ,120.13%,125.7MiB / 3.826GiB[K
redis,0.55%,8.812MiB / 3.826GiB[K
postgres,42.54%,77.8MiB / 3.826GiB[K
chatbot-db-1,0.00%,79.91MiB / 3.826GiB[K
[K
[J[Happ,119.98%,125.5MiB / 3.826GiB
redis,2.43%,8.812MiB / 3.826GiB
postgres,37.26%,78.04MiB / 3.826GiB
chatbot-db-1,23.44%,96.51MiB / 3.826GiB
[Happ,119.98%,125.5MiB / 3.826GiB[K
redis,2.43%,8.812MiB / 3.826GiB[K
postgres,37.26%,78.04MiB / 3.826GiB[K
chatbot-db-1,23.44%,96.51MiB / 3.826GiB[K
[K
[J[Happ,119.98%,125.5MiB / 3.826GiB
redis,2.43%,8.812MiB / 3.826GiB
postgres,37.26%,78.04MiB / 3.826GiB
chatbot-db-1,23.44%,96.51MiB / 3.826GiB
[Happ,119.98%,125.5MiB / 3.826GiB[K
redis,2.43%,8.812MiB / 3.826GiB[K
postgres,37.26%,78.04MiB / 3.826GiB[K
chatbot-db-1,23.44%,96.51MiB / 3.826GiB[K
[K
[J[Happ,120.57%,126MiB / 3.826GiB
redis,0.42%,8.812MiB / 3.826GiB
postgres,36.90%,78.03MiB / 3.826GiB
chatbot-db-1,39.40%,79.91MiB / 3.826GiB
[Happ,120.57%,126MiB / 3.826GiB[K
redis,0.42%,8.812MiB / 3.826GiB[K
postgres,36.90%,78.03MiB / 3.826GiB[K
chatbot-db-1,39.40%,79.91MiB / 3.826GiB[K
[K
[J[Happ,120.57%,126MiB / 3.826GiB
redis,0.42%,8.812MiB / 3.826GiB
postgres,36.90%,78.03MiB / 3.826GiB
chatbot-db-1,39.40%,79.91MiB / 3.826GiB
[Happ,120.57%,126MiB / 3.826GiB[K
redis,0.42%,8.812MiB / 3.826GiB[K
postgres,36.90%,78.03MiB / 3.826GiB[K
chatbot-db-1,39.40%,79.91MiB / 3.826GiB[K
[K
[J[Happ,117.07%,126MiB / 3.826GiB
redis,0.36%,8.812MiB / 3.826GiB
postgres,37.40%,78.29MiB / 3.826GiB
chatbot-db-1,0.04%,79.91MiB / 3.826GiB
[Happ,117.07%,126MiB / 3.826GiB[K
redis,0.36%,8.812MiB / 3.826GiB[K
postgres,37.40%,78.29MiB / 3.826GiB[K
chatbot-db-1,0.04%,79.91MiB / 3.826GiB[K
[K
[J[Happ,117.07%,126MiB / 3.826GiB
redis,0.36%,8.812MiB / 3.826GiB
postgres,37.40%,78.29MiB / 3.826GiB
chatbot-db-1,0.04%,79.91MiB / 3.826GiB
[Happ,117.07%,126MiB / 3.826GiB[K
redis,0.36%,8.812MiB / 3.826GiB[K
postgres,37.40%,78.29MiB / 3.826GiB[K
chatbot-db-1,0.04%,79.91MiB / 3.826GiB[K
[K
[J[Happ,118.03%,125.5MiB / 3.826GiB
redis,0.16%,8.812MiB / 3.826GiB
postgres,34.66%,78.32MiB / 3.826GiB
chatbot-db-1,0.08%,79.91MiB / 3.826GiB
[Happ,118.03%,125.5MiB / 3.826GiB[K
redis,0.16%,8.812MiB / 3.826GiB[K
postgres,34.66%,78.32MiB / 3.826GiB[K
chatbot-db-1,0.08%,79.91MiB / 3.826GiB[K
[K
[J[Happ,118.03%,125.5MiB / 3.826GiB
redis,0.16%,8.812MiB / 3.826GiB
postgres,34.66%,78.32MiB / 3.826GiB
chatbot-db-1,0.08%,79.91MiB / 3.826GiB
[Happ,118.03%,125.5MiB / 3.826GiB[K
redis,0.16%,8.812MiB / 3.826GiB[K
postgres,34.66%,78.32MiB / 3.826GiB[K
chatbot-db-1,0.08%,79.91MiB / 3.826GiB[K
[K
[J[Happ,118.13%,125.8MiB / 3.826GiB
redis,0.18%,8.812MiB / 3.826GiB
postgres,30.00%,78.34MiB / 3.826GiB
chatbot-db-1,0.00%,79.91MiB / 3.826GiB
[Happ,118.13%,125.8MiB / 3.826GiB[K
redis,0.18%,8.812MiB / 3.826GiB[K
postgres,30.00%,78.34MiB / 3.826GiB[K
chatbot-db-1,0.00%,79.91MiB / 3.826GiB[K
[K
[J[Happ,118.13%,125.8MiB / 3.826GiB
redis,0.18%,8.812MiB / 3.826GiB
postgres,30.00%,78.34MiB / 3.826GiB
chatbot-db-1,0.00%,79.91MiB / 3.826GiB
[Happ,118.13%,125.8MiB / 3.826GiB[K
redis,0.18%,8.812MiB / 3.826GiB[K
postgres,30.00%,78.34MiB / 3.826GiB[K
chatbot-db-1,0.00%,79.91MiB / 3.826GiB[K
[K
[J[Happ,118.72%,126.8MiB / 3.826GiB
redis,1.74%,8.812MiB / 3.826GiB
postgres,39.68%,78.38MiB / 3.826GiB
chatbot-db-1,0.00%,79.91MiB / 3.826GiB
[Happ,118.72%,126.8MiB / 3.826GiB[K
redis,1.74%,8.812MiB / 3.826GiB[K
postgres,39.68%,78.38MiB / 3.826GiB[K
chatbot-db-1,0.00%,79.91MiB / 3.826GiB[K
[K
[J[Happ,118.72%,126.8MiB / 3.826GiB
redis,1.74%,8.812MiB / 3.826GiB
postgres,39.68%,78.38MiB / 3.826GiB
chatbot-db-1,0.00%,79.91MiB / 3.826GiB
[Happ,118.72%,126.8MiB / 3.826GiB[K
redis,1.74%,8.812MiB / 3.826GiB[K
postgres,39.68%,78.38MiB / 3.826GiB[K
chatbot-db-1,0.00%,79.91MiB / 3.826GiB[K
[K
[J[Happ,118.32%,127.6MiB / 3.826GiB
redis,0.19%,8.812MiB / 3.826GiB
postgres,37.72%,78.31MiB / 3.826GiB
chatbot-db-1,0.00%,79.91MiB / 3.826GiB
[Happ,118.32%,127.6MiB / 3.826GiB[K
redis,0.19%,8.812MiB / 3.826GiB[K
postgres,37.72%,78.31MiB / 3.826GiB[K
chatbot-db-1,0.00%,79.91MiB / 3.826GiB[K
[K
[J[Happ,118.32%,127.6MiB / 3.826GiB
redis,0.19%,8.812MiB / 3.826GiB
postgres,37.72%,78.31MiB / 3.826GiB
chatbot-db-1,0.00%,79.91MiB / 3.826GiB
[Happ,118.32%,127.6MiB / 3.826GiB[K
redis,0.19%,8.812MiB / 3.826GiB[K
postgres,37.72%,78.31MiB / 3.826GiB[K
chatbot-db-1,0.00%,79.91MiB / 3.826GiB[K
[K
[J[Happ,117.15%,129.1MiB / 3.826GiB
redis,0.14%,8.812MiB / 3.826GiB
postgres,33.86%,79.16MiB / 3.826GiB
chatbot-db-1,0.00%,79.91MiB / 3.826GiB
[Happ,117.15%,129.1MiB / 3.826GiB[K
redis,0.14%,8.812MiB / 3.826GiB[K
postgres,33.86%,79.16MiB / 3.826GiB[K
chatbot-db-1,0.00%,79.91MiB / 3.826GiB[K
[K
[J[Happ,117.15%,129.1MiB / 3.826GiB
redis,0.14%,8.812MiB / 3.826GiB
postgres,33.86%,79.16MiB / 3.826GiB
chatbot-db-1,0.00%,79.91MiB / 3.826GiB
[Happ,117.15%,129.1MiB / 3.826GiB[K
redis,0.14%,8.812MiB / 3.826GiB[K
postgres,33.86%,79.16MiB / 3.826GiB[K
chatbot-db-1,0.00%,79.91MiB / 3.826GiB[K
[K
[J[Happ,116.66%,133.4MiB / 3.826GiB
redis,0.18%,8.812MiB / 3.826GiB
postgres,29.14%,78.67MiB / 3.826GiB
chatbot-db-1,0.07%,79.91MiB / 3.826GiB
[Happ,116.66%,133.4MiB / 3.826GiB[K
redis,0.18%,8.812MiB / 3.826GiB[K
postgres,29.14%,78.67MiB / 3.826GiB[K
chatbot-db-1,0.07%,79.91MiB / 3.826GiB[K
[K
[J[Happ,116.66%,133.4MiB / 3.826GiB
redis,0.18%,8.812MiB / 3.826GiB
postgres,29.14%,78.67MiB / 3.826GiB
chatbot-db-1,0.07%,79.91MiB / 3.826GiB
[Happ,116.66%,133.4MiB / 3.826GiB[K
redis,0.18%,8.812MiB / 3.826GiB[K
postgres,29.14%,78.67MiB / 3.826GiB[K
chatbot-db-1,0.07%,79.91MiB / 3.826GiB[K
[K
[J[Happ,117.96%,135.3MiB / 3.826GiB
redis,0.24%,8.812MiB / 3.826GiB
postgres,31.98%,78.67MiB / 3.826GiB
chatbot-db-1,0.00%,79.91MiB / 3.826GiB
[Happ,117.96%,135.3MiB / 3.826GiB[K
redis,0.24%,8.812MiB / 3.826GiB[K
postgres,31.98%,78.67MiB / 3.826GiB[K
chatbot-db-1,0.00%,79.91MiB / 3.826GiB[K
[K
[J[Happ,117.96%,135.3MiB / 3.826GiB
redis,0.24%,8.812MiB / 3.826GiB
postgres,31.98%,78.67MiB / 3.826GiB
chatbot-db-1,0.00%,79.91MiB / 3.826GiB
[Happ,117.96%,135.3MiB / 3.826GiB[K
redis,0.24%,8.812MiB / 3.826GiB[K
postgres,31.98%,78.67MiB / 3.826GiB[K
chatbot-db-1,0.00%,79.91MiB / 3.826GiB[K
[K
[J[Happ,119.79%,142.6MiB / 3.826GiB
redis,1.94%,9.062MiB / 3.826GiB
postgres,38.18%,79.06MiB / 3.826GiB
chatbot-db-1,19.18%,86.39MiB / 3.826GiB
[Happ,119.79%,142.6MiB / 3.826GiB[K
redis,1.94%,9.062MiB / 3.826GiB[K
postgres,38.18%,79.06MiB / 3.826GiB[K
chatbot-db-1,19.18%,86.39MiB / 3.826GiB[K
[K
[J[Happ,119.79%,142.6MiB / 3.826GiB
redis,1.94%,9.062MiB / 3.826GiB
postgres,38.18%,79.06MiB / 3.826GiB
chatbot-db-1,19.18%,86.39MiB / 3.826GiB
[Happ,119.79%,142.6MiB / 3.826GiB[K
redis,1.94%,9.062MiB / 3.826GiB[K
postgres,38.18%,79.06MiB / 3.826GiB[K
chatbot-db-1,19.18%,86.39MiB / 3.826GiB[K
[K
[J[Happ,117.70%,144.1MiB / 3.826GiB
redis,0.28%,8.812MiB / 3.826GiB
postgres,32.49%,78.85MiB / 3.826GiB
chatbot-db-1,59.98%,79.91MiB / 3.826GiB
[Happ,117.70%,144.1MiB / 3.826GiB[K
redis,0.28%,8.812MiB / 3.826GiB[K
postgres,32.49%,78.85MiB / 3.826GiB[K
chatbot-db-1,59.98%,79.91MiB / 3.826GiB[K
[K
[J[Happ,117.70%,144.1MiB / 3.826GiB
redis,0.28%,8.812MiB / 3.826GiB
postgres,32.49%,78.85MiB / 3.826GiB
chatbot-db-1,59.98%,79.91MiB / 3.826GiB
[Happ,117.70%,144.1MiB / 3.826GiB[K
redis,0.28%,8.812MiB / 3.826GiB[K
postgres,32.49%,78.85MiB / 3.826GiB[K
chatbot-db-1,59.98%,79.91MiB / 3.826GiB[K
[K
[J[Happ,117.53%,144.7MiB / 3.826GiB
redis,0.19%,8.812MiB / 3.826GiB
postgres,34.57%,78.85MiB / 3.826GiB
chatbot-db-1,0.05%,79.91MiB / 3.826GiB
[Happ,117.53%,144.7MiB / 3.826GiB[K
redis,0.19%,8.812MiB / 3.826GiB[K
postgres,34.57%,78.85MiB / 3.826GiB[K
chatbot-db-1,0.05%,79.91MiB / 3.826GiB[K
[K
[J[Happ,117.53%,144.7MiB / 3.826GiB
redis,0.19%,8.812MiB / 3.826GiB
postgres,34.57%,78.85MiB / 3.826GiB
chatbot-db-1,0.05%,79.91MiB / 3.826GiB
[Happ,117.53%,144.7MiB / 3.826GiB[K
redis,0.19%,8.812MiB / 3.826GiB[K
postgres,34.57%,78.85MiB / 3.826GiB[K
chatbot-db-1,0.05%,79.91MiB / 3.826GiB[K
[K
[J[Happ,116.46%,147.4MiB / 3.826GiB
redis,0.11%,8.812MiB / 3.826GiB
postgres,28.50%,79.1MiB / 3.826GiB
chatbot-db-1,0.09%,79.91MiB / 3.826GiB
[Happ,116.46%,147.4MiB / 3.826GiB[K
redis,0.11%,8.812MiB / 3.826GiB[K
postgres,28.50%,79.1MiB / 3.826GiB[K
chatbot-db-1,0.09%,79.91MiB / 3.826GiB[K
[K
[J[Happ,116.46%,147.4MiB / 3.826GiB
redis,0.11%,8.812MiB / 3.826GiB
postgres,28.50%,79.1MiB / 3.826GiB
chatbot-db-1,0.09%,79.91MiB / 3.826GiB
[Happ,116.46%,147.4MiB / 3.826GiB[K
redis,0.11%,8.812MiB / 3.826GiB[K
postgres,28.50%,79.1MiB / 3.826GiB[K
chatbot-db-1,0.09%,79.91MiB / 3.826GiB[K
[K
[J[Happ,115.24%,149.8MiB / 3.826GiB
redis,0.34%,8.812MiB / 3.826GiB
postgres,30.65%,78.87MiB / 3.826GiB
chatbot-db-1,0.00%,79.91MiB / 3.826GiB
[Happ,115.24%,149.8MiB / 3.826GiB[K
redis,0.34%,8.812MiB / 3.826GiB[K
postgres,30.65%,78.87MiB / 3.826GiB[K
chatbot-db-1,0.00%,79.91MiB / 3.826GiB[K
[K
[J[Happ,115.24%,149.8MiB / 3.826GiB
redis,0.34%,8.812MiB / 3.826GiB
postgres,30.65%,78.87MiB / 3.826GiB
chatbot-db-1,0.00%,79.91MiB / 3.826GiB
[Happ,115.24%,149.8MiB / 3.826GiB[K
redis,0.34%,8.812MiB / 3.826GiB[K
postgres,30.65%,78.87MiB / 3.826GiB[K
chatbot-db-1,0.00%,79.91MiB / 3.826GiB[K
[K
[J[Happ,118.10%,149.7MiB / 3.826GiB
redis,2.97%,8.812MiB / 3.826GiB
postgres,34.53%,79.1MiB / 3.826GiB
chatbot-db-1,0.00%,79.91MiB / 3.826GiB
[Happ,118.10%,149.7MiB / 3.826GiB[K
redis,2.97%,8.812MiB / 3.826GiB[K
postgres,34.53%,79.1MiB / 3.826GiB[K
chatbot-db-1,0.00%,79.91MiB / 3.826GiB[K
[K
[J[Happ,118.10%,149.7MiB / 3.826GiB
redis,2.97%,8.812MiB / 3.826GiB
postgres,34.53%,79.1MiB / 3.826GiB
chatbot-db-1,0.00%,79.91MiB / 3.826GiB
[Happ,118.10%,149.7MiB / 3.826GiB[K
redis,2.97%,8.812MiB / 3.826GiB[K
postgres,34.53%,79.1MiB / 3.826GiB[K
chatbot-db-1,0.00%,79.91MiB / 3.826GiB[K
[K
[J[Happ,118.10%,149.7MiB / 3.826GiB
redis,2.97%,8.812MiB / 3.826GiB
postgres,34.53%,79.1MiB / 3.826GiB
chatbot-db-1,0.00%,79.91MiB / 3.826GiB
[Happ,118.10%,149.7MiB / 3.826GiB[K
redis,2.97%,8.812MiB / 3.826GiB[K
postgres,34.53%,79.1MiB / 3.826GiB[K
chatbot-db-1,0.00%,79.91MiB / 3.826GiB[K
[K
[J[Happ,114.55%,151.3MiB / 3.826GiB
redis,0.20%,9.062MiB / 3.826GiB
postgres,25.45%,78.84MiB / 3.826GiB
chatbot-db-1,0.00%,79.91MiB / 3.826GiB
[Happ,114.55%,151.3MiB / 3.826GiB[K
redis,0.20%,9.062MiB / 3.826GiB[K
postgres,25.45%,78.84MiB / 3.826GiB[K
chatbot-db-1,0.00%,79.91MiB / 3.826GiB[K
[K
[J[Happ,114.55%,151.3MiB / 3.826GiB
redis,0.20%,9.062MiB / 3.826GiB
postgres,25.45%,78.84MiB / 3.826GiB
chatbot-db-1,0.00%,79.91MiB / 3.826GiB
[Happ,114.55%,151.3MiB / 3.826GiB[K
redis,0.20%,9.062MiB / 3.826GiB[K
postgres,25.45%,78.84MiB / 3.826GiB[K
chatbot-db-1,0.00%,79.91MiB / 3.826GiB[K
[K
[J[Happ,118.51%,151.3MiB / 3.826GiB
redis,0.28%,8.812MiB / 3.826GiB
postgres,34.51%,79.11MiB / 3.826GiB
chatbot-db-1,0.15%,79.91MiB / 3.826GiB
[Happ,118.51%,151.3MiB / 3.826GiB[K
redis,0.28%,8.812MiB / 3.826GiB[K
postgres,34.51%,79.11MiB / 3.826GiB[K
chatbot-db-1,0.15%,79.91MiB / 3.826GiB[K
[K
[J[Happ,118.51%,151.3MiB / 3.826GiB
redis,0.28%,8.812MiB / 3.826GiB
postgres,34.51%,79.11MiB / 3.826GiB
chatbot-db-1,0.15%,79.91MiB / 3.826GiB
[Happ,118.51%,151.3MiB / 3.826GiB[K
redis,0.28%,8.812MiB / 3.826GiB[K
postgres,34.51%,79.11MiB / 3.826GiB[K
chatbot-db-1,0.15%,79.91MiB / 3.826GiB[K
[K
[J[Happ,114.15%,151.2MiB / 3.826GiB
redis,0.25%,8.812MiB / 3.826GiB
postgres,25.93%,79.09MiB / 3.826GiB
chatbot-db-1,0.00%,79.91MiB / 3.826GiB
[Happ,114.15%,151.2MiB / 3.826GiB[K
redis,0.25%,8.812MiB / 3.826GiB[K
postgres,25.93%,79.09MiB / 3.826GiB[K
chatbot-db-1,0.00%,79.91MiB / 3.826GiB[K
[K
[J[Happ,114.15%,151.2MiB / 3.826GiB
redis,0.25%,8.812MiB / 3.826GiB
postgres,25.93%,79.09MiB / 3.826GiB
chatbot-db-1,0.00%,79.91MiB / 3.826GiB
[Happ,114.15%,151.2MiB / 3.826GiB[K
redis,0.25%,8.812MiB / 3.826GiB[K
postgres,25.93%,79.09MiB / 3.826GiB[K
chatbot-db-1,0.00%,79.91MiB / 3.826GiB[K
[K
[J[Happ,116.74%,151.2MiB / 3.826GiB
redis,0.30%,8.812MiB / 3.826GiB
postgres,32.90%,79.11MiB / 3.826GiB
chatbot-db-1,0.00%,79.91MiB / 3.826GiB
[Happ,116.74%,151.2MiB / 3.826GiB[K
redis,0.30%,8.812MiB / 3.826GiB[K
postgres,32.90%,79.11MiB / 3.826GiB[K
chatbot-db-1,0.00%,79.91MiB / 3.826GiB[K
[K
[J[Happ,116.74%,151.2MiB / 3.826GiB
redis,0.30%,8.812MiB / 3.826GiB
postgres,32.90%,79.11MiB / 3.826GiB
chatbot-db-1,0.00%,79.91MiB / 3.826GiB
[Happ,116.74%,151.2MiB / 3.826GiB[K
redis,0.30%,8.812MiB / 3.826GiB[K
postgres,32.90%,79.11MiB / 3.826GiB[K
chatbot-db-1,0.00%,79.91MiB / 3.826GiB[K
[K
[J[Happ,118.94%,151.1MiB / 3.826GiB
redis,1.84%,8.812MiB / 3.826GiB
postgres,35.14%,78.87MiB / 3.826GiB
chatbot-db-1,0.00%,79.91MiB / 3.826GiB
[Happ,118.94%,151.1MiB / 3.826GiB[K
redis,1.84%,8.812MiB / 3.826GiB[K
postgres,35.14%,78.87MiB / 3.826GiB[K
chatbot-db-1,0.00%,79.91MiB / 3.826GiB[K
[K
[J[Happ,118.94%,151.1MiB / 3.826GiB
redis,1.84%,8.812MiB / 3.826GiB
postgres,35.14%,78.87MiB / 3.826GiB
chatbot-db-1,0.00%,79.91MiB / 3.826GiB
[Happ,118.94%,151.1MiB / 3.826GiB[K
redis,1.84%,8.812MiB / 3.826GiB[K
postgres,35.14%,78.87MiB / 3.826GiB[K
chatbot-db-1,0.00%,79.91MiB / 3.826GiB[K
[K
[J[Happ,118.90%,151.2MiB / 3.826GiB
redis,0.18%,8.812MiB / 3.826GiB
postgres,33.49%,78.88MiB / 3.826GiB
chatbot-db-1,58.26%,79.91MiB / 3.826GiB
[Happ,118.90%,151.2MiB / 3.826GiB[K
redis,0.18%,8.812MiB / 3.826GiB[K
postgres,33.49%,78.88MiB / 3.826GiB[K
chatbot-db-1,58.26%,79.91MiB / 3.826GiB[K
[K
[J[Happ,118.90%,151.2MiB / 3.826GiB
redis,0.18%,8.812MiB / 3.826GiB
postgres,33.49%,78.88MiB / 3.826GiB
chatbot-db-1,58.26%,79.91MiB / 3.826GiB
[Happ,118.90%,151.2MiB / 3.826GiB[K
redis,0.18%,8.812MiB / 3.826GiB[K
postgres,33.49%,78.88MiB / 3.826GiB[K
chatbot-db-1,58.26%,79.91MiB / 3.826GiB[K
[K
[J[Happ,115.22%,151.2MiB / 3.826GiB
redis,0.21%,8.812MiB / 3.826GiB
postgres,38.16%,79.06MiB / 3.826GiB
chatbot-db-1,0.05%,79.91MiB / 3.826GiB
[Happ,115.22%,151.2MiB / 3.826GiB[K
redis,0.21%,8.812MiB / 3.826GiB[K
postgres,38.16%,79.06MiB / 3.826GiB[K
chatbot-db-1,0.05%,79.91MiB / 3.826GiB[K
[K
[J[Happ,115.22%,151.2MiB / 3.826GiB
redis,0.21%,8.812MiB / 3.826GiB
postgres,38.16%,79.06MiB / 3.826GiB
chatbot-db-1,0.05%,79.91MiB / 3.826GiB
[Happ,115.22%,151.2MiB / 3.826GiB[K
redis,0.21%,8.812MiB / 3.826GiB[K
postgres,38.16%,79.06MiB / 3.826GiB[K
chatbot-db-1,0.05%,79.91MiB / 3.826GiB[K
[K
[J[Happ,116.91%,151.4MiB / 3.826GiB
redis,0.18%,8.812MiB / 3.826GiB
postgres,29.15%,79.26MiB / 3.826GiB
chatbot-db-1,0.00%,79.91MiB / 3.826GiB
[Happ,116.91%,151.4MiB / 3.826GiB[K
redis,0.18%,8.812MiB / 3.826GiB[K
postgres,29.15%,79.26MiB / 3.826GiB[K
chatbot-db-1,0.00%,79.91MiB / 3.826GiB[K
[K
[J[Happ,116.91%,151.4MiB / 3.826GiB
redis,0.18%,8.812MiB / 3.826GiB
postgres,29.15%,79.26MiB / 3.826GiB
chatbot-db-1,0.00%,79.91MiB / 3.826GiB
[Happ,116.91%,151.4MiB / 3.826GiB[K
redis,0.18%,8.812MiB / 3.826GiB[K
postgres,29.15%,79.26MiB / 3.826GiB[K
chatbot-db-1,0.00%,79.91MiB / 3.826GiB[K
[K
[J[Happ,115.31%,151.5MiB / 3.826GiB
redis,0.23%,8.812MiB / 3.826GiB
postgres,28.30%,79.82MiB / 3.826GiB
chatbot-db-1,0.00%,79.91MiB / 3.826GiB
[Happ,115.31%,151.5MiB / 3.826GiB[K
redis,0.23%,8.812MiB / 3.826GiB[K
postgres,28.30%,79.82MiB / 3.826GiB[K
chatbot-db-1,0.00%,79.91MiB / 3.826GiB[K
[K
[J[Happ,115.31%,151.5MiB / 3.826GiB
redis,0.23%,8.812MiB / 3.826GiB
postgres,28.30%,79.82MiB / 3.826GiB
chatbot-db-1,0.00%,79.91MiB / 3.826GiB
[Happ,115.31%,151.5MiB / 3.826GiB[K
redis,0.23%,8.812MiB / 3.826GiB[K
postgres,28.30%,79.82MiB / 3.826GiB[K
chatbot-db-1,0.00%,79.91MiB / 3.826GiB[K
[K
[J[Happ,116.72%,151.4MiB / 3.826GiB
redis,1.52%,8.812MiB / 3.826GiB
postgres,31.78%,79.07MiB / 3.826GiB
chatbot-db-1,0.00%,79.91MiB / 3.826GiB
[Happ,116.72%,151.4MiB / 3.826GiB[K
redis,1.52%,8.812MiB / 3.826GiB[K
postgres,31.78%,79.07MiB / 3.826GiB[K
chatbot-db-1,0.00%,79.91MiB / 3.826GiB[K
[K
[J[Happ,116.72%,151.4MiB / 3.826GiB
redis,1.52%,8.812MiB / 3.826GiB
postgres,31.78%,79.07MiB / 3.826GiB
chatbot-db-1,0.00%,79.91MiB / 3.826GiB
[Happ,116.72%,151.4MiB / 3.826GiB[K
redis,1.52%,8.812MiB / 3.826GiB[K
postgres,31.78%,79.07MiB / 3.826GiB[K
chatbot-db-1,0.00%,79.91MiB / 3.826GiB[K
[K
[J[Happ,118.59%,151.5MiB / 3.826GiB
redis,0.16%,8.812MiB / 3.826GiB
postgres,32.58%,79.09MiB / 3.826GiB
chatbot-db-1,0.00%,79.91MiB / 3.826GiB
[Happ,118.59%,151.5MiB / 3.826GiB[K
redis,0.16%,8.812MiB / 3.826GiB[K
postgres,32.58%,79.09MiB / 3.826GiB[K
chatbot-db-1,0.00%,79.91MiB / 3.826GiB[K
[K
[J[Happ,118.59%,151.5MiB / 3.826GiB
redis,0.16%,8.812MiB / 3.826GiB
postgres,32.58%,79.09MiB / 3.826GiB
chatbot-db-1,0.00%,79.91MiB / 3.826GiB
[Happ,118.59%,151.5MiB / 3.826GiB[K
redis,0.16%,8.812MiB / 3.826GiB[K
postgres,32.58%,79.09MiB / 3.826GiB[K
chatbot-db-1,0.00%,79.91MiB / 3.826GiB[K
[K
[J[Happ,116.82%,151.4MiB / 3.826GiB
redis,0.19%,8.812MiB / 3.826GiB
postgres,29.51%,79.58MiB / 3.826GiB
chatbot-db-1,0.07%,79.91MiB / 3.826GiB
[Happ,116.82%,151.4MiB / 3.826GiB[K
redis,0.19%,8.812MiB / 3.826GiB[K
postgres,29.51%,79.58MiB / 3.826GiB[K
chatbot-db-1,0.07%,79.91MiB / 3.826GiB[K
[K
[J[Happ,116.82%,151.4MiB / 3.826GiB
redis,0.19%,8.812MiB / 3.826GiB
postgres,29.51%,79.58MiB / 3.826GiB
chatbot-db-1,0.07%,79.91MiB / 3.826GiB
[Happ,116.82%,151.4MiB / 3.826GiB[K
redis,0.19%,8.812MiB / 3.826GiB[K
postgres,29.51%,79.58MiB / 3.826GiB[K
chatbot-db-1,0.07%,79.91MiB / 3.826GiB[K
[K
[J[Happ,115.21%,151.6MiB / 3.826GiB
redis,0.16%,8.812MiB / 3.826GiB
postgres,28.86%,79.57MiB / 3.826GiB
chatbot-db-1,0.00%,79.91MiB / 3.826GiB
[Happ,115.21%,151.6MiB / 3.826GiB[K
redis,0.16%,8.812MiB / 3.826GiB[K
postgres,28.86%,79.57MiB / 3.826GiB[K
chatbot-db-1,0.00%,79.91MiB / 3.826GiB[K
[K
[J[Happ,115.21%,151.6MiB / 3.826GiB
redis,0.16%,8.812MiB / 3.826GiB
postgres,28.86%,79.57MiB / 3.826GiB
chatbot-db-1,0.00%,79.91MiB / 3.826GiB
[Happ,115.21%,151.6MiB / 3.826GiB[K
redis,0.16%,8.812MiB / 3.826GiB[K
postgres,28.86%,79.57MiB / 3.826GiB[K
chatbot-db-1,0.00%,79.91MiB / 3.826GiB[K
[K
[J[Happ,119.06%,151.5MiB / 3.826GiB
redis,0.28%,8.812MiB / 3.826GiB
postgres,34.12%,79.34MiB / 3.826GiB
chatbot-db-1,0.00%,79.91MiB / 3.826GiB
[Happ,119.06%,151.5MiB / 3.826GiB[K
redis,0.28%,8.812MiB / 3.826GiB[K
postgres,34.12%,79.34MiB / 3.826GiB[K
chatbot-db-1,0.00%,79.91MiB / 3.826GiB[K
[K
[J[Happ,119.06%,151.5MiB / 3.826GiB
redis,0.28%,8.812MiB / 3.826GiB
postgres,34.12%,79.34MiB / 3.826GiB
chatbot-db-1,0.00%,79.91MiB / 3.826GiB
[Happ,119.06%,151.5MiB / 3.826GiB[K
redis,0.28%,8.812MiB / 3.826GiB[K
postgres,34.12%,79.34MiB / 3.826GiB[K
chatbot-db-1,0.00%,79.91MiB / 3.826GiB[K
[K
[J[Happ,117.97%,151.3MiB / 3.826GiB
redis,2.03%,8.812MiB / 3.826GiB
postgres,35.69%,79.09MiB / 3.826GiB
chatbot-db-1,0.00%,79.91MiB / 3.826GiB
[Happ,117.97%,151.3MiB / 3.826GiB[K
redis,2.03%,8.812MiB / 3.826GiB[K
postgres,35.69%,79.09MiB / 3.826GiB[K
chatbot-db-1,0.00%,79.91MiB / 3.826GiB[K
[K
[J[Happ,117.97%,151.3MiB / 3.826GiB
redis,2.03%,8.812MiB / 3.826GiB
postgres,35.69%,79.09MiB / 3.826GiB
chatbot-db-1,0.00%,79.91MiB / 3.826GiB
[Happ,117.97%,151.3MiB / 3.826GiB[K
redis,2.03%,8.812MiB / 3.826GiB[K
postgres,35.69%,79.09MiB / 3.826GiB[K
chatbot-db-1,0.00%,79.91MiB / 3.826GiB[K
[K
[J[Happ,119.99%,151.7MiB / 3.826GiB
redis,0.18%,8.812MiB / 3.826GiB
postgres,31.88%,79.59MiB / 3.826GiB
chatbot-db-1,38.90%,103.7MiB / 3.826GiB
[Happ,119.99%,151.7MiB / 3.826GiB[K
redis,0.18%,8.812MiB / 3.826GiB[K
postgres,31.88%,79.59MiB / 3.826GiB[K
chatbot-db-1,38.90%,103.7MiB / 3.826GiB[K
[K
[J[Happ,119.99%,151.7MiB / 3.826GiB
redis,0.18%,8.812MiB / 3.826GiB
postgres,31.88%,79.59MiB / 3.826GiB
chatbot-db-1,38.90%,103.7MiB / 3.826GiB
[Happ,119.99%,151.7MiB / 3.826GiB[K
redis,0.18%,8.812MiB / 3.826GiB[K
postgres,31.88%,79.59MiB / 3.826GiB[K
chatbot-db-1,38.90%,103.7MiB / 3.826GiB[K
[K
[J[Happ,118.17%,151.4MiB / 3.826GiB
redis,0.31%,8.812MiB / 3.826GiB
postgres,30.83%,79.36MiB / 3.826GiB
chatbot-db-1,14.17%,79.91MiB / 3.826GiB
[Happ,118.17%,151.4MiB / 3.826GiB[K
redis,0.31%,8.812MiB / 3.826GiB[K
postgres,30.83%,79.36MiB / 3.826GiB[K
chatbot-db-1,14.17%,79.91MiB / 3.826GiB[K
[K
[J[Happ,118.17%,151.4MiB / 3.826GiB
redis,0.31%,8.812MiB / 3.826GiB
postgres,30.83%,79.36MiB / 3.826GiB
chatbot-db-1,14.17%,79.91MiB / 3.826GiB
[Happ,118.17%,151.4MiB / 3.826GiB[K
redis,0.31%,8.812MiB / 3.826GiB[K
postgres,30.83%,79.36MiB / 3.826GiB[K
chatbot-db-1,14.17%,79.91MiB / 3.826GiB[K
[K
[J[Happ,118.17%,151.4MiB / 3.826GiB
redis,0.28%,8.812MiB / 3.826GiB
postgres,33.63%,79.33MiB / 3.826GiB
chatbot-db-1,14.17%,79.91MiB / 3.826GiB
[Happ,118.17%,151.4MiB / 3.826GiB[K
redis,0.28%,8.812MiB / 3.826GiB[K
postgres,33.63%,79.33MiB / 3.826GiB[K
chatbot-db-1,14.17%,79.91MiB / 3.826GiB[K
[K
[J[Happ,119.19%,150.1MiB / 3.826GiB
redis,0.28%,8.812MiB / 3.826GiB
postgres,33.63%,79.33MiB / 3.826GiB
chatbot-db-1,0.00%,79.91MiB / 3.826GiB
[Happ,119.19%,150.1MiB / 3.826GiB[K
redis,0.28%,8.812MiB / 3.826GiB[K
postgres,33.63%,79.33MiB / 3.826GiB[K
chatbot-db-1,0.00%,79.91MiB / 3.826GiB[K
[K
[J[Happ,119.19%,150.1MiB / 3.826GiB
redis,0.28%,8.812MiB / 3.826GiB
postgres,33.63%,79.33MiB / 3.826GiB
chatbot-db-1,0.00%,79.91MiB / 3.826GiB
[Happ,119.19%,150.1MiB / 3.826GiB[K
redis,0.28%,8.812MiB / 3.826GiB[K
postgres,33.63%,79.33MiB / 3.826GiB[K
chatbot-db-1,0.00%,79.91MiB / 3.826GiB[K
[K
[J[Happ,58.28%,150MiB / 3.826GiB
redis,0.18%,8.812MiB / 3.826GiB
postgres,32.70%,60.52MiB / 3.826GiB
chatbot-db-1,0.00%,79.91MiB / 3.826GiB
[Happ,58.28%,150MiB / 3.826GiB[K
redis,0.18%,8.812MiB / 3.826GiB[K
postgres,32.70%,60.52MiB / 3.826GiB[K
chatbot-db-1,0.00%,79.91MiB / 3.826GiB[K
[K
[J[Happ,58.28%,150MiB / 3.826GiB
redis,0.18%,8.812MiB / 3.826GiB
postgres,32.70%,60.52MiB / 3.826GiB
chatbot-db-1,0.00%,79.91MiB / 3.826GiB
[Happ,58.28%,150MiB / 3.826GiB[K
redis,0.18%,8.812MiB / 3.826GiB[K
postgres,32.70%,60.52MiB / 3.826GiB[K
chatbot-db-1,0.00%,79.91MiB / 3.826GiB[K
[K
[J[Happ,0.76%,150MiB / 3.826GiB
redis,3.33%,9.062MiB / 3.826GiB
postgres,3.34%,60.43MiB / 3.826GiB
chatbot-db-1,0.00%,79.91MiB / 3.826GiB
[Happ,0.76%,150MiB / 3.826GiB[K
redis,3.33%,9.062MiB / 3.826GiB[K
postgres,3.34%,60.43MiB / 3.826GiB[K
chatbot-db-1,0.00%,79.91MiB / 3.826GiB[K
[K
[J[Happ,0.76%,150MiB / 3.826GiB
redis,3.33%,9.062MiB / 3.826GiB
postgres,3.34%,60.43MiB / 3.826GiB
chatbot-db-1,0.00%,79.91MiB / 3.826GiB
[Happ,0.76%,150MiB / 3.826GiB[K
redis,3.33%,9.062MiB / 3.826GiB[K
postgres,3.34%,60.43MiB / 3.826GiB[K
chatbot-db-1,0.00%,79.91MiB / 3.826GiB[K
[K
[J[Happ,0.48%,150MiB / 3.826GiB
redis,0.32%,8.812MiB / 3.826GiB
postgres,1.50%,60.39MiB / 3.826GiB
chatbot-db-1,0.00%,79.91MiB / 3.826GiB
[Happ,0.48%,150MiB / 3.826GiB[K
redis,0.32%,8.812MiB / 3.826GiB[K
postgres,1.50%,60.39MiB / 3.826GiB[K
chatbot-db-1,0.00%,79.91MiB / 3.826GiB[K
[K
[J[Happ,0.48%,150MiB / 3.826GiB
redis,0.32%,8.812MiB / 3.826GiB
postgres,1.50%,60.39MiB / 3.826GiB
chatbot-db-1,0.00%,79.91MiB / 3.826GiB
[Happ,0.48%,150MiB / 3.826GiB[K
redis,0.32%,8.812MiB / 3.826GiB[K
postgres,1.50%,60.39MiB / 3.826GiB[K
chatbot-db-1,0.00%,79.91MiB / 3.826GiB[K
[K
[J[Happ,0.30%,150MiB / 3.826GiB
redis,0.24%,8.812MiB / 3.826GiB
postgres,0.09%,60.37MiB / 3.826GiB
chatbot-db-1,0.07%,79.91MiB / 3.826GiB
[Happ,0.30%,150MiB / 3.826GiB[K
redis,0.24%,8.812MiB / 3.826GiB[K
postgres,0.09%,60.37MiB / 3.826GiB[K
chatbot-db-1,0.07%,79.91MiB / 3.826GiB[K
[K
[J[Happ,0.30%,150MiB / 3.826GiB
redis,0.24%,8.812MiB / 3.826GiB
postgres,0.09%,60.37MiB / 3.826GiB
chatbot-db-1,0.07%,79.91MiB / 3.826GiB
[Happ,0.30%,150MiB / 3.826GiB[K
redis,0.24%,8.812MiB / 3.826GiB[K
postgres,0.09%,60.37MiB / 3.826GiB[K
chatbot-db-1,0.07%,79.91MiB / 3.826GiB[K
[K
[J[Happ,0.46%,150MiB / 3.826GiB
redis,0.24%,8.812MiB / 3.826GiB
postgres,0.00%,60.37MiB / 3.826GiB
chatbot-db-1,0.00%,79.91MiB / 3.826GiB
[Happ,0.46%,150MiB / 3.826GiB[K
redis,0.24%,8.812MiB / 3.826GiB[K
postgres,0.00%,60.37MiB / 3.826GiB[K
chatbot-db-1,0.00%,79.91MiB / 3.826GiB[K
[K
[J[Happ,0.46%,150MiB / 3.826GiB
redis,0.24%,8.812MiB / 3.826GiB
postgres,0.00%,60.37MiB / 3.826GiB
chatbot-db-1,0.00%,79.91MiB / 3.826GiB
[Happ,0.46%,150MiB / 3.826GiB[K
redis,0.24%,8.812MiB / 3.826GiB[K
postgres,0.00%,60.37MiB / 3.826GiB[K
chatbot-db-1,0.00%,79.91MiB / 3.826GiB[K
[K
[J[Happ,0.34%,150MiB / 3.826GiB
redis,0.32%,9.312MiB / 3.826GiB
postgres,0.04%,60.37MiB / 3.826GiB
chatbot-db-1,0.00%,79.91MiB / 3.826GiB
[Happ,0.34%,150MiB / 3.826GiB[K
redis,0.32%,9.312MiB / 3.826GiB[K
postgres,0.04%,60.37MiB / 3.826GiB[K
chatbot-db-1,0.00%,79.91MiB / 3.826GiB[K
[K
[J[Happ,0.34%,150MiB / 3.826GiB
redis,0.32%,9.312MiB / 3.826GiB
postgres,0.04%,60.37MiB / 3.826GiB
chatbot-db-1,0.00%,79.91MiB / 3.826GiB
[Happ,0.34%,150MiB / 3.826GiB[K
redis,0.32%,9.312MiB / 3.826GiB[K
postgres,0.04%,60.37MiB / 3.826GiB[K
chatbot-db-1,0.00%,79.91MiB / 3.826GiB[K
[K
[J[Happ,0.54%,150MiB / 3.826GiB
redis,1.25%,9.062MiB / 3.826GiB
postgres,7.06%,60.38MiB / 3.826GiB
chatbot-db-1,0.00%,79.91MiB / 3.826GiB
[Happ,0.54%,150MiB / 3.826GiB[K
redis,1.25%,9.062MiB / 3.826GiB[K
postgres,7.06%,60.38MiB / 3.826GiB[K
chatbot-db-1,0.00%,79.91MiB / 3.826GiB[K
[K
[J[Happ,0.54%,150MiB / 3.826GiB
redis,1.25%,9.062MiB / 3.826GiB
postgres,7.06%,60.38MiB / 3.826GiB
chatbot-db-1,0.00%,79.91MiB / 3.826GiB
[Happ,0.54%,150MiB / 3.826GiB[K
redis,1.25%,9.062MiB / 3.826GiB[K
postgres,7.06%,60.38MiB / 3.826GiB[K
chatbot-db-1,0.00%,79.91MiB / 3.826GiB[K
[K
[J[Happ,0.73%,150MiB / 3.826GiB
redis,0.36%,8.812MiB / 3.826GiB
postgres,0.21%,60.37MiB / 3.826GiB
chatbot-db-1,11.10%,95.47MiB / 3.826GiB
[Happ,0.73%,150MiB / 3.826GiB[K
redis,0.36%,8.812MiB / 3.826GiB[K
postgres,0.21%,60.37MiB / 3.826GiB[K
chatbot-db-1,11.10%,95.47MiB / 3.826GiB[K
[K
[J[Happ,0.73%,150MiB / 3.826GiB
redis,0.36%,8.812MiB / 3.826GiB
postgres,0.21%,60.37MiB / 3.826GiB
chatbot-db-1,11.10%,95.47MiB / 3.826GiB
[Happ,0.73%,150MiB / 3.826GiB[K
redis,0.36%,8.812MiB / 3.826GiB[K
postgres,0.21%,60.37MiB / 3.826GiB[K
chatbot-db-1,11.10%,95.47MiB / 3.826GiB[K
[K
[J[Happ,0.61%,150MiB / 3.826GiB
redis,0.18%,9.062MiB / 3.826GiB
postgres,0.13%,60.37MiB / 3.826GiB
chatbot-db-1,21.67%,80MiB / 3.826GiB
[Happ,0.61%,150MiB / 3.826GiB[K
redis,0.18%,9.062MiB / 3.826GiB[K
postgres,0.13%,60.37MiB / 3.826GiB[K
chatbot-db-1,21.67%,80MiB / 3.826GiB[K
[K
[J[Happ,--,-- / --
redis,--,-- / --
postgres,--,-- / --
chatbot-db-1,--,-- / --
[Happ,--,-- / --[K
redis,--,-- / --[K
postgres,--,-- / --[K
chatbot-db-1,--,-- / --[K
[K
[Jcontext canceled
