[2026-04-29 16:40:45,281] miMB/INFO/locust.main: Starting Locust 2.43.4
[2026-04-29 16:40:45,367] miMB/INFO/locust.runners: Shape test starting.
[2026-04-29 16:40:45,368] miMB/INFO/locust.runners: Shape worker starting
[2026-04-29 16:40:45,368] miMB/INFO/locust.runners: Shape test updating to 50 users at 10.00 spawn rate
[2026-04-29 16:40:45,368] miMB/INFO/locustfile: warming up: creating 100 hot links against http://localhost:8000
[2026-04-29 16:40:45,905] miMB/INFO/locustfile: warmup complete: 100/100
[2026-04-29 16:40:45,905] miMB/INFO/locust.runners: Ramping to 50 users at a rate of 10.00 per second
[2026-04-29 16:40:49,918] miMB/INFO/locust.runners: All users spawned: {"LinkCreator": 5, "LinkVisitor": 45} (50 total users)
[2026-04-29 16:41:15,432] miMB/INFO/locust.runners: Shape test updating to 100 users at 10.00 spawn rate
[2026-04-29 16:41:15,432] miMB/INFO/locust.runners: Ramping to 100 users at a rate of 10.00 per second
[2026-04-29 16:41:19,440] miMB/INFO/locust.runners: All users spawned: {"LinkCreator": 10, "LinkVisitor": 90} (100 total users)
[2026-04-29 16:41:45,481] miMB/INFO/locust.runners: Shape test updating to 200 users at 10.00 spawn rate
[2026-04-29 16:41:45,482] miMB/INFO/locust.runners: Ramping to 200 users at a rate of 10.00 per second
[2026-04-29 16:41:54,494] miMB/INFO/locust.runners: All users spawned: {"LinkCreator": 20, "LinkVisitor": 180} (200 total users)
[2026-04-29 16:42:15,512] miMB/INFO/locust.runners: Shape test updating to 400 users at 20.00 spawn rate
[2026-04-29 16:42:15,513] miMB/INFO/locust.runners: Ramping to 400 users at a rate of 20.00 per second
[2026-04-29 16:42:24,522] miMB/INFO/locust.runners: All users spawned: {"LinkCreator": 40, "LinkVisitor": 360} (400 total users)
[2026-04-29 16:42:45,544] miMB/INFO/locust.runners: Shape test updating to 800 users at 40.00 spawn rate
[2026-04-29 16:42:45,544] miMB/INFO/locust.runners: Ramping to 800 users at a rate of 40.00 per second
[2026-04-29 16:42:54,554] miMB/INFO/locust.runners: All users spawned: {"LinkCreator": 80, "LinkVisitor": 720} (800 total users)
[2026-04-29 16:43:15,583] miMB/INFO/locust.runners: Shape test stopping
[2026-04-29 16:43:15,693] miMB/INFO/locust.main: Shape test completed, shutting down
[2026-04-29 16:43:15,727] miMB/INFO/locust.main: writing html report to file: reports/cached/locust.html
[2026-04-29 16:43:15,729] miMB/INFO/locust.main: Shutting down (exit code 0)
